Archive member included because of file (symbol)

c:/program files (x86)/emblocks/2.30/share/em_armgcc/bin/../lib/gcc/arm-none-eabi/4.7.3/../../../../arm-none-eabi/lib/armv7e-m\libc_n.a(lib_a-exit.o)
                              c:/program files (x86)/emblocks/2.30/share/em_armgcc/bin/../lib/gcc/arm-none-eabi/4.7.3/../../../../arm-none-eabi/lib/armv7e-m/crt0.o (exit)
c:/program files (x86)/emblocks/2.30/share/em_armgcc/bin/../lib/gcc/arm-none-eabi/4.7.3/../../../../arm-none-eabi/lib/armv7e-m\libc_n.a(lib_a-impure.o)
                              c:/program files (x86)/emblocks/2.30/share/em_armgcc/bin/../lib/gcc/arm-none-eabi/4.7.3/../../../../arm-none-eabi/lib/armv7e-m\libc_n.a(lib_a-exit.o) (_global_impure_ptr)
c:/program files (x86)/emblocks/2.30/share/em_armgcc/bin/../lib/gcc/arm-none-eabi/4.7.3/../../../../arm-none-eabi/lib/armv7e-m\libc_n.a(lib_a-init.o)
                              c:/program files (x86)/emblocks/2.30/share/em_armgcc/bin/../lib/gcc/arm-none-eabi/4.7.3/../../../../arm-none-eabi/lib/armv7e-m/crt0.o (__libc_init_array)
c:/program files (x86)/emblocks/2.30/share/em_armgcc/bin/../lib/gcc/arm-none-eabi/4.7.3/../../../../arm-none-eabi/lib/armv7e-m\libc_n.a(lib_a-memset.o)
                              c:/program files (x86)/emblocks/2.30/share/em_armgcc/bin/../lib/gcc/arm-none-eabi/4.7.3/../../../../arm-none-eabi/lib/armv7e-m/crt0.o (memset)
c:/program files (x86)/emblocks/2.30/share/em_armgcc/bin/../lib/gcc/arm-none-eabi/4.7.3/../../../../arm-none-eabi/lib/armv7e-m\libc_n.a(lib_a-snprintf.o)
                              obj\debug\src\main.o (snprintf)
c:/program files (x86)/emblocks/2.30/share/em_armgcc/bin/../lib/gcc/arm-none-eabi/4.7.3/../../../../arm-none-eabi/lib/armv7e-m\libc_n.a(lib_a-svfprintf.o)
                              c:/program files (x86)/emblocks/2.30/share/em_armgcc/bin/../lib/gcc/arm-none-eabi/4.7.3/../../../../arm-none-eabi/lib/armv7e-m\libc_n.a(lib_a-snprintf.o) (_svfprintf_r)
c:/program files (x86)/emblocks/2.30/share/em_armgcc/bin/../lib/gcc/arm-none-eabi/4.7.3/../../../../arm-none-eabi/lib/armv7e-m\libc_n.a(lib_a-vfprintf_i.o)
                              c:/program files (x86)/emblocks/2.30/share/em_armgcc/bin/../lib/gcc/arm-none-eabi/4.7.3/../../../../arm-none-eabi/lib/armv7e-m\libc_n.a(lib_a-svfprintf.o) (_printf_i)
c:/program files (x86)/emblocks/2.30/share/em_armgcc/bin/../lib/gcc/arm-none-eabi/4.7.3/../../../../arm-none-eabi/lib/armv7e-m\libc_n.a(lib_a-memchr-stub.o)
                              c:/program files (x86)/emblocks/2.30/share/em_armgcc/bin/../lib/gcc/arm-none-eabi/4.7.3/../../../../arm-none-eabi/lib/armv7e-m\libc_n.a(lib_a-svfprintf.o) (memchr)
c:/program files (x86)/emblocks/2.30/share/em_armgcc/bin/../lib/gcc/arm-none-eabi/4.7.3/../../../../arm-none-eabi/lib/armv7e-m\libc_n.a(lib_a-memcpy-stub.o)
                              c:/program files (x86)/emblocks/2.30/share/em_armgcc/bin/../lib/gcc/arm-none-eabi/4.7.3/../../../../arm-none-eabi/lib/armv7e-m\libc_n.a(lib_a-svfprintf.o) (memcpy)
c:/program files (x86)/emblocks/2.30/share/em_armgcc/bin/../lib/gcc/arm-none-eabi/4.7.3/../../../../arm-none-eabi/lib/armv7e-m\libc_n.a(lib_a-memmove.o)
                              c:/program files (x86)/emblocks/2.30/share/em_armgcc/bin/../lib/gcc/arm-none-eabi/4.7.3/../../../../arm-none-eabi/lib/armv7e-m\libc_n.a(lib_a-svfprintf.o) (memmove)
c:/program files (x86)/emblocks/2.30/share/em_armgcc/bin/../lib/gcc/arm-none-eabi/4.7.3/../../../../arm-none-eabi/lib/armv7e-m\libc_n.a(lib_a-nano-freer.o)
                              c:/program files (x86)/emblocks/2.30/share/em_armgcc/bin/../lib/gcc/arm-none-eabi/4.7.3/../../../../arm-none-eabi/lib/armv7e-m\libc_n.a(lib_a-svfprintf.o) (_free_r)
c:/program files (x86)/emblocks/2.30/share/em_armgcc/bin/../lib/gcc/arm-none-eabi/4.7.3/../../../../arm-none-eabi/lib/armv7e-m\libc_n.a(lib_a-nano-mallocr.o)
                              c:/program files (x86)/emblocks/2.30/share/em_armgcc/bin/../lib/gcc/arm-none-eabi/4.7.3/../../../../arm-none-eabi/lib/armv7e-m\libc_n.a(lib_a-svfprintf.o) (_malloc_r)
c:/program files (x86)/emblocks/2.30/share/em_armgcc/bin/../lib/gcc/arm-none-eabi/4.7.3/../../../../arm-none-eabi/lib/armv7e-m\libc_n.a(lib_a-nano-reallocr.o)
                              c:/program files (x86)/emblocks/2.30/share/em_armgcc/bin/../lib/gcc/arm-none-eabi/4.7.3/../../../../arm-none-eabi/lib/armv7e-m\libc_n.a(lib_a-svfprintf.o) (_realloc_r)
c:/program files (x86)/emblocks/2.30/share/em_armgcc/bin/../lib/gcc/arm-none-eabi/4.7.3/../../../../arm-none-eabi/lib/armv7e-m\libc_n.a(lib_a-sbrkr.o)
                              c:/program files (x86)/emblocks/2.30/share/em_armgcc/bin/../lib/gcc/arm-none-eabi/4.7.3/../../../../arm-none-eabi/lib/armv7e-m\libc_n.a(lib_a-nano-mallocr.o) (_sbrk_r)
c:/program files (x86)/emblocks/2.30/share/em_armgcc/bin/../lib/gcc/arm-none-eabi/4.7.3/../../../../arm-none-eabi/lib/armv7e-m\libc_n.a(lib_a-strlen.o)
[...]
Memory Configuration

Name             Origin             Length             Attributes
ROM              0x08000000         0x00020000         xr
RAM              0x20000000         0x00006000         xrw
*default*        0x00000000         0xffffffff

Linker script and memory map

LOAD c:/program files (x86)/emblocks/2.30/share/em_armgcc/bin/../lib/gcc/arm-none-eabi/4.7.3/armv7e-m/crti.o
LOAD c:/program files (x86)/emblocks/2.30/share/em_armgcc/bin/../lib/gcc/arm-none-eabi/4.7.3/armv7e-m/crtbegin.o
LOAD c:/program files (x86)/emblocks/2.30/share/em_armgcc/bin/../lib/gcc/arm-none-eabi/4.7.3/../../../../arm-none-eabi/lib/armv7e-m/crt0.o
                0x00000000                __HEAP_SIZE = 0x0
                0x00000100                __STACK_SIZE = 0x100

.text           0x08000000     0x3ca4
 *(.isr_vector)
 .isr_vector    0x08000000      0x188 obj\debug\src\startup_stm32f37x.o
                0x08000000                __isr_vector
 *(.text*)
 .text          0x08000188       0x54 c:/program files (x86)/emblocks/2.30/share/em_armgcc/bin/../lib/gcc/arm-none-eabi/4.7.3/armv7e-m/crtbegin.o
 .text          0x080001dc       0x74 c:/program files (x86)/emblocks/2.30/share/em_armgcc/bin/../lib/gcc/arm-none-eabi/4.7.3/../../../../arm-none-eabi/lib/armv7e-m/crt0.o
                0x080001dc                _start
                0x080001dc                _mainCRTStartup
 .text.EXTI_Init
                0x08000250      0x138 obj\debug\spl\src\stm32f37x_exti.o
                0x08000250                EXTI_Init
 .text.EXTI_GetITStatus
                0x08000388       0x58 obj\debug\spl\src\stm32f37x_exti.o
                0x08000388                EXTI_GetITStatus
 .text.EXTI_ClearITPendingBit
                0x080003e0       0x20 obj\debug\spl\src\stm32f37x_exti.o
                0x080003e0                EXTI_ClearITPendingBit
 .text.GPIO_Init
                0x08000400      0x150 obj\debug\spl\src\stm32f37x_gpio.o
                0x08000400                GPIO_Init
 .text.GPIO_ReadInputDataBit
                0x08000550       0x40 obj\debug\spl\src\stm32f37x_gpio.o
                0x08000550                GPIO_ReadInputDataBit
 .text.GPIO_SetBits
                0x08000590       0x1c obj\debug\spl\src\stm32f37x_gpio.o
                0x08000590                GPIO_SetBits
 .text.GPIO_ResetBits
                0x080005ac       0x1c obj\debug\spl\src\stm32f37x_gpio.o
                0x080005ac                GPIO_ResetBits
 .text.GPIO_WriteBit
                0x080005c8       0x30 obj\debug\spl\src\stm32f37x_gpio.o
                0x080005c8                GPIO_WriteBit
 .text.GPIO_PinAFConfig
                0x080005f8       0xa8 obj\debug\spl\src\stm32f37x_gpio.o
                0x080005f8                GPIO_PinAFConfig
 .text.NVIC_Init
                0x080006a0       0xe8 obj\debug\spl\src\stm32f37x_misc.o
                0x080006a0                NVIC_Init
 .text.RCC_MCOConfig
                0x08000788       0x20 obj\debug\spl\src\stm32f37x_rcc.o
                0x08000788                RCC_MCOConfig
 .text.RCC_GetClocksFreq
                0x080007a8      0x3e0 obj\debug\spl\src\stm32f37x_rcc.o
                0x080007a8                RCC_GetClocksFreq
 .text.RCC_AHBPeriphClockCmd
                0x08000b88       0x54 obj\debug\spl\src\stm32f37x_rcc.o
                0x08000b88                RCC_AHBPeriphClockCmd
 .text.RCC_APB2PeriphClockCmd
                0x08000bdc       0x54 obj\debug\spl\src\stm32f37x_rcc.o
                0x08000bdc                RCC_APB2PeriphClockCmd
 .text.RCC_APB1PeriphClockCmd
                0x08000c30       0x54 obj\debug\spl\src\stm32f37x_rcc.o
                0x08000c30                RCC_APB1PeriphClockCmd
 .text.SYSCFG_EXTILineConfig
                0x08000c84       0xb0 obj\debug\spl\src\stm32f37x_syscfg.o
                0x08000c84                SYSCFG_EXTILineConfig
 .text.TIM_TimeBaseInit
                0x08000d34      0x100 obj\debug\spl\src\stm32f37x_tim.o
                0x08000d34                TIM_TimeBaseInit
 .text.TIM_PrescalerConfig
                0x08000e34       0x28 obj\debug\spl\src\stm32f37x_tim.o
                0x08000e34                TIM_PrescalerConfig
 .text.TIM_SetAutoreload
                0x08000e5c       0x1c obj\debug\spl\src\stm32f37x_tim.o
                0x08000e5c                TIM_SetAutoreload
 .text.TIM_ARRPreloadConfig
                0x08000e78       0x40 obj\debug\spl\src\stm32f37x_tim.o
                0x08000e78                TIM_ARRPreloadConfig
 .text.TIM_Cmd  0x08000eb8       0x40 obj\debug\spl\src\stm32f37x_tim.o
                0x08000eb8                TIM_Cmd
 .text.TIM_OC3Init
                0x08000ef8       0xa4 obj\debug\spl\src\stm32f37x_tim.o
                0x08000ef8                TIM_OC3Init
 .text.TIM_ITConfig
                0x08000f9c       0x48 obj\debug\spl\src\stm32f37x_tim.o
                0x08000f9c                TIM_ITConfig
 .text.TIM_GetITStatus
                0x08000fe4       0x60 obj\debug\spl\src\stm32f37x_tim.o
                0x08000fe4                TIM_GetITStatus
 .text.TIM_ClearITPendingBit
                0x08001044       0x24 obj\debug\spl\src\stm32f37x_tim.o
                0x08001044                TIM_ClearITPendingBit
 .text.TIM_EncoderInterfaceConfig
                0x08001068       0x94 obj\debug\spl\src\stm32f37x_tim.o
                0x08001068                TIM_EncoderInterfaceConfig
 .text.Button_Init
                0x080010fc      0x12c obj\debug\src\button.o
                0x080010fc                Button_Init
 .text.ButtonGetState
                0x08001228       0x58 obj\debug\src\button.o
                0x08001228                ButtonGetState
 .text.EXTI0_IRQHandler
                0x08001280       0x34 obj\debug\src\button.o
                0x08001280                EXTI0_IRQHandler
 .text.EXTI1_IRQHandler
                0x080012b4       0x34 obj\debug\src\button.o
                0x080012b4                EXTI1_IRQHandler
 .text.EXTI2_TS_IRQHandler
                0x080012e8       0x34 obj\debug\src\button.o
                0x080012e8                EXTI2_TS_IRQHandler
 .text.EXTI3_IRQHandler
                0x0800131c       0x34 obj\debug\src\button.o
                0x0800131c                EXTI3_IRQHandler
 .text.TIM3_IRQHandler
                0x08001350       0x2c obj\debug\src\button.o
                0x08001350                TIM3_IRQHandler
 .text.oneWire_Init
                0x0800137c      0x110 obj\debug\src\ds18b20.o
                0x0800137c                oneWire_Init
 .text.TIM14_IRQHandler
                0x0800148c       0x44 obj\debug\src\ds18b20.o
                0x0800148c                TIM14_IRQHandler
 .text.OW_Delay_us
                0x080014d0       0x50 obj\debug\src\ds18b20.o
 .text.OneWire_ReadBit
                0x08001520       0x3c obj\debug\src\ds18b20.o
                0x08001520                OneWire_ReadBit
 .text.OneWire_WriteBitHi
                0x0800155c       0x20 obj\debug\src\ds18b20.o
                0x0800155c                OneWire_WriteBitHi
 .text.OneWire_WriteBitLo
                0x0800157c       0x20 obj\debug\src\ds18b20.o
                0x0800157c                OneWire_WriteBitLo
 .text.OneWire_ReadByte
                0x0800159c       0x50 obj\debug\src\ds18b20.o
                0x0800159c                OneWire_ReadByte
 .text.OneWire_WriteByte
                0x080015ec       0x4c obj\debug\src\ds18b20.o
                0x080015ec                OneWire_WriteByte
 .text.OneWire_ResetSequenz
                0x08001638       0x74 obj\debug\src\ds18b20.o
                0x08001638                OneWire_ResetSequenz
 .text.OW_DataLo
                0x080016ac       0x24 obj\debug\src\ds18b20.o
                0x080016ac                OW_DataLo
 .text.OW_DataHi
                0x080016d0       0x24 obj\debug\src\ds18b20.o
                0x080016d0                OW_DataHi
 .text.OW_Mess_Lo_us
                0x080016f4       0xac obj\debug\src\ds18b20.o
                0x080016f4                OW_Mess_Lo_us
 .text.OW_DataRead
                0x080017a0       0x34 obj\debug\src\ds18b20.o
                0x080017a0                OW_DataRead
 .text.OneWire_ReadRomCode
                0x080017d4       0x4c obj\debug\src\ds18b20.o
                0x080017d4                OneWire_ReadRomCode
 .text.DS18B20_StartMeasurement
                0x08001820       0x44 obj\debug\src\ds18b20.o
                0x08001820                DS18B20_StartMeasurement
 .text.DS18B20_GetTemp
                0x08001864      0x238 obj\debug\src\ds18b20.o
                0x08001864                DS18B20_GetTemp
 .text.DS18B20_SetResolution
                0x08001a9c       0x9c obj\debug\src\ds18b20.o
                0x08001a9c                DS18B20_SetResolution
 .text.DS18B20_ReadSensor
                0x08001b38       0xb4 obj\debug\src\ds18b20.o
                0x08001b38                DS18B20_ReadSensor
 .text.delay    0x08001bec       0x30 obj\debug\src\hd44780.o
 .text.HD44780_Init
                0x08001c1c      0x1a4 obj\debug\src\hd44780.o
                0x08001c1c                HD44780_Init
 .text.writeCommand4bit
                0x08001dc0       0x30 obj\debug\src\hd44780.o
 .text.writeNibble
                0x08001df0       0x9c obj\debug\src\hd44780.o
 .text.writeCommand
                0x08001e8c       0x38 obj\debug\src\hd44780.o
 .text.writeData
                0x08001ec4       0x48 obj\debug\src\hd44780.o
 .text.HD44780_BL
                0x08001f0c       0x24 obj\debug\src\hd44780.o
                0x08001f0c                HD44780_BL
 .text.HD44780_string
                0x08001f30       0x70 obj\debug\src\hd44780.o
                0x08001f30                HD44780_string
 .text.encoder_init
                0x08001fa0      0x100 obj\debug\src\encoder.o
                0x08001fa0                encoder_init
 .text.TIM4_IRQHandler
                0x080020a0       0x44 obj\debug\src\encoder.o
                0x080020a0                TIM4_IRQHandler
 .text.NVIC_SetPriority
                0x080020e4       0x5c obj\debug\src\main.o
 .text.SysTick_Config
                0x08002140       0x64 obj\debug\src\main.o
 .text.main     0x080021a4      0xbf4 obj\debug\src\main.o
                0x080021a4                main
 .text.encoder_count_up
                0x08002d98       0x40 obj\debug\src\main.o
                0x08002d98                encoder_count_up
 .text.encoder_count_down
                0x08002dd8       0x40 obj\debug\src\main.o
                0x08002dd8                encoder_count_down
 .text.SystickInit
                0x08002e18       0x30 obj\debug\src\main.o
                0x08002e18                SystickInit
 .text.SysTick_Handler
                0x08002e48       0x58 obj\debug\src\main.o
                0x08002e48                SysTick_Handler
 .text          0x08002ea0       0xec obj\debug\src\startup_stm32f37x.o
                0x08002ea0                Reset_Handler
                0x08002eee                NMI_Handler
                0x08002ef0                HardFault_Handler
                0x08002ef2                MemManage_Handler
                0x08002ef4                BusFault_Handler
                0x08002ef6                UsageFault_Handler
                0x08002ef8                SVC_Handler
                0x08002efa                DebugMon_Handler
                0x08002efc                PendSV_Handler
                0x08002f02                WWDG_IRQHandler
                0x08002f04                PVD_IRQHandler
                0x08002f06                TAMPER_STAMP_IRQHandler
                0x08002f08                RTC_WKUP_IRQHandler
                0x08002f0a                FLASH_IRQHandler
                0x08002f0c                RCC_IRQHandler
                0x08002f16                EXTI4_IRQHandler
                0x08002f18                DMA1_Channel1_IRQHandler
                0x08002f1a                DMA1_Channel2_IRQHandler
                0x08002f1c                DMA1_Channel3_IRQHandler
                0x08002f1e                DMA1_Channel4_IRQHandler
                0x08002f20                DMA1_Channel5_IRQHandler
                0x08002f22                DMA1_Channel6_IRQHandler
                0x08002f24                DMA1_Channel7_IRQHandler
                0x08002f26                ADC1_IRQHandler
                0x08002f28                CAN1_TX_IRQHandler
                0x08002f2a                CAN1_RX0_IRQHandler
                0x08002f2c                CAN1_RX1_IRQHandler
                0x08002f2e                CAN1_SCE_IRQHandler
                0x08002f30                EXTI9_5_IRQHandler
                0x08002f32                TIM15_IRQHandler
                0x08002f34                TIM16_IRQHandler
                0x08002f36                TIM17_IRQHandler
                0x08002f38                TIM18_DAC2_IRQHandler
                0x08002f3a                TIM2_IRQHandler
                0x08002f40                I2C1_EV_IRQHandler
                0x08002f42                I2C1_ER_IRQHandler
                0x08002f44                I2C2_EV_IRQHandler
                0x08002f46                I2C2_ER_IRQHandler
                0x08002f48                SPI1_IRQHandler
                0x08002f4a                SPI2_IRQHandler
                0x08002f4c                USART1_IRQHandler
                0x08002f4e                USART2_IRQHandler
                0x08002f50                USART3_IRQHandler
                0x08002f52                EXTI15_10_IRQHandler
                0x08002f54                RTC_Alarm_IRQHandler
                0x08002f56                CEC_IRQHandler
                0x08002f58                TIM12_IRQHandler
                0x08002f5a                TIM13_IRQHandler
                0x08002f5e                TIM5_IRQHandler
                0x08002f60                SPI3_IRQHandler
                0x08002f62                TIM6_DAC1_IRQHandler
                0x08002f64                TIM7_IRQHandler
                0x08002f66                DMA2_Channel1_IRQHandler
                0x08002f68                DMA2_Channel2_IRQHandler
                0x08002f6a                DMA2_Channel3_IRQHandler
                0x08002f6c                DMA2_Channel4_IRQHandler
                0x08002f6e                DMA2_Channel5_IRQHandler
                0x08002f70                SDADC1_IRQHandler
                0x08002f72                SDADC2_IRQHandler
                0x08002f74                SDADC3_IRQHandler
                0x08002f76                COMP_IRQHandler
                0x08002f78                USB_HP_IRQHandler
                0x08002f7a                USB_LP_IRQHandler
                0x08002f7c                USBWakeUp_IRQHandler
                0x08002f7e                TIM19_IRQHandler
                0x08002f80                FPU_IRQHandler
 .text.SystemInit
                0x08002f8c       0xd8 obj\debug\src\system_stm32f37x.o
                0x08002f8c                SystemInit
 .text.SetSysClock
                0x08003064      0x170 obj\debug\src\system_stm32f37x.o
 .text.exit     0x080031d4       0x28 c:/program files (x86)/emblocks/2.30/share/em_armgcc/bin/../lib/gcc/arm-none-eabi/4.7.3/../../../../arm-none-eabi/lib/armv7e-m\libc_n.a(lib_a-exit.o)
                0x080031d4                exit
 .text.__libc_init_array
                0x080031fc       0x4c c:/program files (x86)/emblocks/2.30/share/em_armgcc/bin/../lib/gcc/arm-none-eabi/4.7.3/../../../../arm-none-eabi/lib/armv7e-m\libc_n.a(lib_a-init.o)
                0x080031fc                __libc_init_array
 .text.memset   0x08003248       0x10 c:/program files (x86)/emblocks/2.30/share/em_armgcc/bin/../lib/gcc/arm-none-eabi/4.7.3/../../../../arm-none-eabi/lib/armv7e-m\libc_n.a(lib_a-memset.o)
                0x08003248                memset
 .text.snprintf
                0x08003258       0x64 c:/program files (x86)/emblocks/2.30/share/em_armgcc/bin/../lib/gcc/arm-none-eabi/4.7.3/../../../../arm-none-eabi/lib/armv7e-m\libc_n.a(lib_a-snprintf.o)
                0x08003258                sniprintf
                0x08003258                snprintf
 .text.__ssputs_r
                0x080032bc       0xc0 c:/program files (x86)/emblocks/2.30/share/em_armgcc/bin/../lib/gcc/arm-none-eabi/4.7.3/../../../../arm-none-eabi/lib/armv7e-m\libc_n.a(lib_a-svfprintf.o)
                0x080032bc                __ssputs_r
 .text._svfprintf_r
                0x0800337c      0x1f0 c:/program files (x86)/emblocks/2.30/share/em_armgcc/bin/../lib/gcc/arm-none-eabi/4.7.3/../../../../arm-none-eabi/lib/armv7e-m\libc_n.a(lib_a-svfprintf.o)
                0x0800337c                _svfiprintf_r
                0x0800337c                _svfprintf_r
 .text._printf_common
                0x0800356c       0xe4 c:/program files (x86)/emblocks/2.30/share/em_armgcc/bin/../lib/gcc/arm-none-eabi/4.7.3/../../../../arm-none-eabi/lib/armv7e-m\libc_n.a(lib_a-vfprintf_i.o)
                0x0800356c                _printf_common
 .text._printf_i
                0x08003650      0x24c c:/program files (x86)/emblocks/2.30/share/em_armgcc/bin/../lib/gcc/arm-none-eabi/4.7.3/../../../../arm-none-eabi/lib/armv7e-m\libc_n.a(lib_a-vfprintf_i.o)
                0x08003650                _printf_i
 .text.memchr   0x0800389c       0x1c c:/program files (x86)/emblocks/2.30/share/em_armgcc/bin/../lib/gcc/arm-none-eabi/4.7.3/../../../../arm-none-eabi/lib/armv7e-m\libc_n.a(lib_a-memchr-stub.o)
                0x0800389c                memchr
 .text.memcpy   0x080038b8       0x12 c:/program files (x86)/emblocks/2.30/share/em_armgcc/bin/../lib/gcc/arm-none-eabi/4.7.3/../../../../arm-none-eabi/lib/armv7e-m\libc_n.a(lib_a-memcpy-stub.o)
                0x080038b8                memcpy
 .text.memmove  0x080038ca       0x32 c:/program files (x86)/emblocks/2.30/share/em_armgcc/bin/../lib/gcc/arm-none-eabi/4.7.3/../../../../arm-none-eabi/lib/armv7e-m\libc_n.a(lib_a-memmove.o)
                0x080038ca                memmove
 .text._free_r  0x080038fc       0x84 c:/program files (x86)/emblocks/2.30/share/em_armgcc/bin/../lib/gcc/arm-none-eabi/4.7.3/../../../../arm-none-eabi/lib/armv7e-m\libc_n.a(lib_a-nano-freer.o)
                0x080038fc                _free_r
 .text._malloc_r
                0x08003980       0xb4 c:/program files (x86)/emblocks/2.30/share/em_armgcc/bin/../lib/gcc/arm-none-eabi/4.7.3/../../../../arm-none-eabi/lib/armv7e-m\libc_n.a(lib_a-nano-mallocr.o)
                0x08003980                _malloc_r
 .text._realloc_r
                0x08003a34       0x48 c:/program files (x86)/emblocks/2.30/share/em_armgcc/bin/../lib/gcc/arm-none-eabi/4.7.3/../../../../arm-none-eabi/lib/armv7e-m\libc_n.a(lib_a-nano-reallocr.o)
                0x08003a34                _realloc_r
 .text._sbrk_r  0x08003a7c       0x20 c:/program files (x86)/emblocks/2.30/share/em_armgcc/bin/../lib/gcc/arm-none-eabi/4.7.3/../../../../arm-none-eabi/lib/armv7e-m\libc_n.a(lib_a-sbrkr.o)
                0x08003a7c                _sbrk_r
 .text.strlen   0x08003a9c       0x10 c:/program files (x86)/emblocks/2.30/share/em_armgcc/bin/../lib/gcc/arm-none-eabi/4.7.3/../../../../arm-none-eabi/lib/armv7e-m\libc_n.a(lib_a-strlen.o)
                0x08003a9c                strlen
 .text._malloc_usable_size_r
                0x08003aac       0x12 c:/program files (x86)/emblocks/2.30/share/em_armgcc/bin/../lib/gcc/arm-none-eabi/4.7.3/../../../../arm-none-eabi/lib/armv7e-m\libc_n.a(lib_a-nano-msizer.o)
                0x08003aac                _malloc_usable_size_r
 *fill*         0x08003abe        0x2 
 .text._sbrk    0x08003ac0       0x34 c:/program files (x86)/emblocks/2.30/share/em_armgcc/bin/../lib/gcc/arm-none-eabi/4.7.3/../../../../arm-none-eabi/lib/armv7e-m\libnosys.a(sbrk.o)
                0x08003ac0                _sbrk
 .text._exit    0x08003af4        0x4 c:/program files (x86)/emblocks/2.30/share/em_armgcc/bin/../lib/gcc/arm-none-eabi/4.7.3/../../../../arm-none-eabi/lib/armv7e-m\libnosys.a(_exit.o)
                0x08003af4                _exit
 *(.init)
 .init          0x08003af8        0x4 c:/program files (x86)/emblocks/2.30/share/em_armgcc/bin/../lib/gcc/arm-none-eabi/4.7.3/armv7e-m/crti.o
                0x08003af8                _init
 .init          0x08003afc        0x8 c:/program files (x86)/emblocks/2.30/share/em_armgcc/bin/../lib/gcc/arm-none-eabi/4.7.3/armv7e-m/crtn.o
 *(.fini)
 .fini          0x08003b04        0x4 c:/program files (x86)/emblocks/2.30/share/em_armgcc/bin/../lib/gcc/arm-none-eabi/4.7.3/armv7e-m/crti.o
                0x08003b04                _fini
 .fini          0x08003b08        0x8 c:/program files (x86)/emblocks/2.30/share/em_armgcc/bin/../lib/gcc/arm-none-eabi/4.7.3/armv7e-m/crtn.o
 *crtbegin.o(.ctors)
 *crtbegin?.o(.ctors)
 *(EXCLUDE_FILE(*crtend.o *crtend?.o) .ctors)
 *(SORT(.ctors.*))
 *(.ctors)
 *crtbegin.o(.dtors)
 *crtbegin?.o(.dtors)
 *(EXCLUDE_FILE(*crtend.o *crtend?.o) .dtors)
 *(SORT(.dtors.*))
 *(.dtors)
 *(.rodata*)
 .rodata        0x08003b10      0x154 obj\debug\src\main.o
 .rodata.str1.1
                0x08003c64        0x2 c:/program files (x86)/emblocks/2.30/share/em_armgcc/bin/../lib/gcc/arm-none-eabi/4.7.3/../../../../arm-none-eabi/lib/armv7e-m\libc_n.a(lib_a-impure.o)
 *fill*         0x08003c66        0x2 
 .rodata._global_impure_ptr
                0x08003c68        0x4 c:/program files (x86)/emblocks/2.30/share/em_armgcc/bin/../lib/gcc/arm-none-eabi/4.7.3/../../../../arm-none-eabi/lib/armv7e-m\libc_n.a(lib_a-impure.o)
                0x08003c68                _global_impure_ptr
 .rodata.str1.1
                0x08003c6c       0x11 c:/program files (x86)/emblocks/2.30/share/em_armgcc/bin/../lib/gcc/arm-none-eabi/4.7.3/../../../../arm-none-eabi/lib/armv7e-m\libc_n.a(lib_a-svfprintf.o)
 .rodata.str1.1
                0x08003c7d       0x22 c:/program files (x86)/emblocks/2.30/share/em_armgcc/bin/../lib/gcc/arm-none-eabi/4.7.3/../../../../arm-none-eabi/lib/armv7e-m\libc_n.a(lib_a-vfprintf_i.o)
 *(.eh_frame*)
 *fill*         0x08003c9f        0x1 
 .eh_frame      0x08003ca0        0x0 c:/program files (x86)/emblocks/2.30/share/em_armgcc/bin/../lib/gcc/arm-none-eabi/4.7.3/armv7e-m/crtbegin.o
 .eh_frame      0x08003ca0        0x4 c:/program files (x86)/emblocks/2.30/share/em_armgcc/bin/../lib/gcc/arm-none-eabi/4.7.3/armv7e-m/crtend.o

.glue_7         0x08003ca4        0x0
 .glue_7        0x00000000        0x0 linker stubs

.glue_7t        0x08003ca4        0x0
 .glue_7t       0x00000000        0x0 linker stubs

.vfp11_veneer   0x08003ca4        0x0
 .vfp11_veneer  0x00000000        0x0 linker stubs

.v4_bx          0x08003ca4        0x0
 .v4_bx         0x00000000        0x0 linker stubs

.iplt           0x08003ca4        0x0
 .iplt          0x00000000        0x0 c:/program files (x86)/emblocks/2.30/share/em_armgcc/bin/../lib/gcc/arm-none-eabi/4.7.3/armv7e-m/crtbegin.o

.ARM.extab
 *(.ARM.extab* .gnu.linkonce.armextab.*)
                0x08003ca4                __exidx_start = .

.ARM.exidx      0x08003ca4        0x8
 *(.ARM.exidx* .gnu.linkonce.armexidx.*)
 .ARM.exidx     0x08003ca4        0x8 c:/program files (x86)/emblocks/2.30/share/em_armgcc/bin/../lib/gcc/arm-none-eabi/4.7.3/../../../../arm-none-eabi/lib/armv7e-m/crt0.o
                0x08003cac                __exidx_end = .
                0x08003cac                __etext = .

.rel.dyn        0x08003cac        0x0
 .rel.iplt      0x00000000        0x0 c:/program files (x86)/emblocks/2.30/share/em_armgcc/bin/../lib/gcc/arm-none-eabi/4.7.3/armv7e-m/crtbegin.o

.data           0x20000000      0x18c load address 0x08003cac
                0x20000000                __data_start__ = .
 *(vtable)
 *(.data*)
 .data.APBAHBPrescTable
                0x20000000       0x10 obj\debug\spl\src\stm32f37x_rcc.o
 .data.ADCPrescTable
                0x20000010        0x4 obj\debug\spl\src\stm32f37x_rcc.o
 .data.SDADCPrescTable
                0x20000014       0x10 obj\debug\spl\src\stm32f37x_rcc.o
 .data.actualGPIO
                0x20000024        0x4 obj\debug\src\ds18b20.o
 .data.actual_pin
                0x20000028        0x2 obj\debug\src\ds18b20.o
 *fill*         0x2000002a        0x2 
 .data.menue_points
                0x2000002c       0xf0 obj\debug\src\main.o
                0x2000002c                menue_points
 .data.counter.7960
                0x2000011c        0x4 obj\debug\src\main.o
 .data.impure_data
                0x20000120       0x60 c:/program files (x86)/emblocks/2.30/share/em_armgcc/bin/../lib/gcc/arm-none-eabi/4.7.3/../../../../arm-none-eabi/lib/armv7e-m\libc_n.a(lib_a-impure.o)
 .data._impure_ptr
                0x20000180        0x4 c:/program files (x86)/emblocks/2.30/share/em_armgcc/bin/../lib/gcc/arm-none-eabi/4.7.3/../../../../arm-none-eabi/lib/armv7e-m\libc_n.a(lib_a-impure.o)
                0x20000180                _impure_ptr
                0x20000184                . = ALIGN (0x4)
                0x20000184                PROVIDE (__preinit_array_start, .)
 *(.preinit_array)
                0x20000184                PROVIDE (__preinit_array_end, .)
                0x20000184                . = ALIGN (0x4)
                0x20000184                PROVIDE (__init_array_start, .)
 *(SORT(.init_array.*))
 *(.init_array)
 .init_array    0x20000184        0x4 c:/program files (x86)/emblocks/2.30/share/em_armgcc/bin/../lib/gcc/arm-none-eabi/4.7.3/armv7e-m/crtbegin.o
                0x20000188                PROVIDE (__init_array_end, .)
                0x20000188                . = ALIGN (0x4)
                0x20000188                PROVIDE (__fini_array_start, .)
 *(SORT(.fini_array.*))
 *(.fini_array)
 .fini_array    0x20000188        0x4 c:/program files (x86)/emblocks/2.30/share/em_armgcc/bin/../lib/gcc/arm-none-eabi/4.7.3/armv7e-m/crtbegin.o
                0x2000018c                PROVIDE (__fini_array_end, .)
                0x2000018c                . = ALIGN (0x4)
                0x2000018c                __data_end__ = .

.jcr            0x2000018c        0x0 load address 0x08003e38
 .jcr           0x2000018c        0x0 c:/program files (x86)/emblocks/2.30/share/em_armgcc/bin/../lib/gcc/arm-none-eabi/4.7.3/armv7e-m/crtbegin.o

.igot.plt       0x2000018c        0x0 load address 0x08003e38
 .igot.plt      0x00000000        0x0 c:/program files (x86)/emblocks/2.30/share/em_armgcc/bin/../lib/gcc/arm-none-eabi/4.7.3/armv7e-m/crtbegin.o

.bss            0x2000018c       0x3c load address 0x08003e38
                0x2000018c                __bss_start__ = .
 *(.bss*)
 .bss           0x2000018c       0x1c c:/program files (x86)/emblocks/2.30/share/em_armgcc/bin/../lib/gcc/arm-none-eabi/4.7.3/armv7e-m/crtbegin.o
 .bss.btn_pressed
                0x200001a8        0x4 obj\debug\src\button.o
 .bss.ow_akt_delay
                0x200001ac        0x4 obj\debug\src\ds18b20.o
 .bss.flags     0x200001b0        0x4 obj\debug\src\main.o
                0x200001b0                flags
 .bss.lcd_timeout
                0x200001b4        0x4 obj\debug\src\main.o
                0x200001b4                lcd_timeout
 .bss.__malloc_sbrk_start
                0x200001b8        0x4 c:/program files (x86)/emblocks/2.30/share/em_armgcc/bin/../lib/gcc/arm-none-eabi/4.7.3/../../../../arm-none-eabi/lib/armv7e-m\libc_n.a(lib_a-nano-mallocr.o)
                0x200001b8                __malloc_sbrk_start
 .bss.__malloc_free_list
                0x200001bc        0x4 c:/program files (x86)/emblocks/2.30/share/em_armgcc/bin/../lib/gcc/arm-none-eabi/4.7.3/../../../../arm-none-eabi/lib/armv7e-m\libc_n.a(lib_a-nano-mallocr.o)
                0x200001bc                __malloc_free_list
 .bss.heap_end.4240
                0x200001c0        0x4 c:/program files (x86)/emblocks/2.30/share/em_armgcc/bin/../lib/gcc/arm-none-eabi/4.7.3/../../../../arm-none-eabi/lib/armv7e-m\libnosys.a(sbrk.o)
 *(COMMON)
 COMMON         0x200001c4        0x4 c:/program files (x86)/emblocks/2.30/share/em_armgcc/bin/../lib/gcc/arm-none-eabi/4.7.3/../../../../arm-none-eabi/lib/armv7e-m\libc_n.a(lib_a-reent.o)
                0x200001c4                errno
                0x200001c8                __bss_end__ = .

.heap           0x200001c8        0x0
                0x200001c8                __end__ = .
                0x200001c8                end = __end__
 *(.heap*)
 .heap          0x200001c8        0x0 obj\debug\src\startup_stm32f37x.o
                0x200001c8                __HeapLimit = .

.stack_dummy    0x200001c8      0x100
 *(.stack)
 .stack         0x200001c8      0x100 obj\debug\src\startup_stm32f37x.o
                0x20006000                __StackTop = (ORIGIN (RAM) + 0x6000)
                0x20005f00                __StackLimit = (__StackTop - SIZEOF (.stack_dummy))
                0x20006000                PROVIDE (__stack, __StackTop)
                0x00000001                ASSERT ((__StackLimit >= __HeapLimit), region RAM overflowed with stack)
LOAD obj\debug\spl\src\stm32f37x_adc.o
LOAD obj\debug\spl\src\stm32f37x_can.o
LOAD obj\debug\spl\src\stm32f37x_cec.o
LOAD obj\debug\spl\src\stm32f37x_comp.o
LOAD obj\debug\spl\src\stm32f37x_crc.o
LOAD obj\debug\spl\src\stm32f37x_dac.o
LOAD obj\debug\spl\src\stm32f37x_dbgmcu.o
LOAD obj\debug\spl\src\stm32f37x_dma.o
LOAD obj\debug\spl\src\stm32f37x_exti.o
LOAD obj\debug\spl\src\stm32f37x_flash.o
LOAD obj\debug\spl\src\stm32f37x_gpio.o
LOAD obj\debug\spl\src\stm32f37x_i2c.o
LOAD obj\debug\spl\src\stm32f37x_iwdg.o
LOAD obj\debug\spl\src\stm32f37x_misc.o
LOAD obj\debug\spl\src\stm32f37x_pwr.o
LOAD obj\debug\spl\src\stm32f37x_rcc.o
LOAD obj\debug\spl\src\stm32f37x_rtc.o
LOAD obj\debug\spl\src\stm32f37x_sdadc.o
LOAD obj\debug\spl\src\stm32f37x_spi.o
LOAD obj\debug\spl\src\stm32f37x_syscfg.o
LOAD obj\debug\spl\src\stm32f37x_tim.o
LOAD obj\debug\spl\src\stm32f37x_usart.o
LOAD obj\debug\spl\src\stm32f37x_wwdg.o
LOAD obj\debug\src\button.o
LOAD obj\debug\src\ds18b20.o
LOAD obj\debug\src\hd44780.o
LOAD obj\debug\src\encoder.o
LOAD obj\debug\src\main.o
LOAD obj\debug\src\startup_stm32f37x.o
LOAD obj\debug\src\system_stm32f37x.o
START GROUP
LOAD c:/program files (x86)/emblocks/2.30/share/em_armgcc/bin/../lib/gcc/arm-none-eabi/4.7.3/armv7e-m\libgcc.a
LOAD c:/program files (x86)/emblocks/2.30/share/em_armgcc/bin/../lib/gcc/arm-none-eabi/4.7.3/../../../../arm-none-eabi/lib/armv7e-m\libc_n.a
LOAD c:/program files (x86)/emblocks/2.30/share/em_armgcc/bin/../lib/gcc/arm-none-eabi/4.7.3/../../../../arm-none-eabi/lib/armv7e-m\libg_n.a
LOAD c:/program files (x86)/emblocks/2.30/share/em_armgcc/bin/../lib/gcc/arm-none-eabi/4.7.3/../../../../arm-none-eabi/lib/armv7e-m\libnosys.a
END GROUP
LOAD c:/program files (x86)/emblocks/2.30/share/em_armgcc/bin/../lib/gcc/arm-none-eabi/4.7.3/armv7e-m/crtend.o
LOAD c:/program files (x86)/emblocks/2.30/share/em_armgcc/bin/../lib/gcc/arm-none-eabi/4.7.3/armv7e-m/crtn.o
OUTPUT(bin\Debug\Solarsteuerung.elf elf32-littlearm)

.ARM.attributes
                0x00000000       0x2a
 .ARM.attributes
                0x00000000       0x1e c:/program files (x86)/emblocks/2.30/share/em_armgcc/bin/../lib/gcc/arm-none-eabi/4.7.3/armv7e-m/crti.o
 .ARM.attributes
                0x0000001e       0x2e c:/program files (x86)/emblocks/2.30/share/em_armgcc/bin/../lib/gcc/arm-none-eabi/4.7.3/armv7e-m/crtbegin.o
 .ARM.attributes
                0x0000004c       0x1c c:/program files (x86)/emblocks/2.30/share/em_armgcc/bin/../lib/gcc/arm-none-eabi/4.7.3/../../../../arm-none-eabi/lib/armv7e-m/crt0.o
 .ARM.attributes
                0x00000068       0x33 obj\debug\spl\src\stm32f37x_exti.o
 .ARM.attributes
                0x0000009b       0x33 obj\debug\spl\src\stm32f37x_gpio.o
 .ARM.attributes
                0x000000ce       0x33 obj\debug\spl\src\stm32f37x_misc.o
 .ARM.attributes
                0x00000101       0x33 obj\debug\spl\src\stm32f37x_rcc.o
 .ARM.attributes
                0x00000134       0x33 obj\debug\spl\src\stm32f37x_syscfg.o
 .ARM.attributes
                0x00000167       0x33 obj\debug\spl\src\stm32f37x_tim.o
 .ARM.attributes
                0x0000019a       0x33 obj\debug\src\button.o
 .ARM.attributes
                0x000001cd       0x33 obj\debug\src\ds18b20.o
 .ARM.attributes
                0x00000200       0x33 obj\debug\src\hd44780.o
 .ARM.attributes
                0x00000233       0x33 obj\debug\src\encoder.o
 .ARM.attributes
                0x00000266       0x33 obj\debug\src\main.o
 .ARM.attributes
                0x00000299       0x1b obj\debug\src\startup_stm32f37x.o
 .ARM.attributes
                0x000002b4       0x33 obj\debug\src\system_stm32f37x.o
 .ARM.attributes
                0x000002e7       0x2e c:/program files (x86)/emblocks/2.30/share/em_armgcc/bin/../lib/gcc/arm-none-eabi/4.7.3/../../../../arm-none-eabi/lib/armv7e-m\libc_n.a(lib_a-exit.o)
 .ARM.attributes
                0x00000315       0x2e c:/program files (x86)/emblocks/2.30/share/em_armgcc/bin/../lib/gcc/arm-none-eabi/4.7.3/../../../../arm-none-eabi/lib/armv7e-m\libc_n.a(lib_a-impure.o)
 .ARM.attributes
                0x00000343       0x2e c:/program files (x86)/emblocks/2.30/share/em_armgcc/bin/../lib/gcc/arm-none-eabi/4.7.3/../../../../arm-none-eabi/lib/armv7e-m\libc_n.a(lib_a-init.o)
 .ARM.attributes
                0x00000371       0x2e c:/program files (x86)/emblocks/2.30/share/em_armgcc/bin/../lib/gcc/arm-none-eabi/4.7.3/../../../../arm-none-eabi/lib/armv7e-m\libc_n.a(lib_a-memset.o)
 .ARM.attributes
                0x0000039f       0x2e c:/program files (x86)/emblocks/2.30/share/em_armgcc/bin/../lib/gcc/arm-none-eabi/4.7.3/../../../../arm-none-eabi/lib/armv7e-m\libc_n.a(lib_a-snprintf.o)
 .ARM.attributes
                0x000003cd       0x2e c:/program files (x86)/emblocks/2.30/share/em_armgcc/bin/../lib/gcc/arm-none-eabi/4.7.3/../../../../arm-none-eabi/lib/armv7e-m\libc_n.a(lib_a-svfprintf.o)
 .ARM.attributes
                0x000003fb       0x2e c:/program files (x86)/emblocks/2.30/share/em_armgcc/bin/../lib/gcc/arm-none-eabi/4.7.3/../../../../arm-none-eabi/lib/armv7e-m\libc_n.a(lib_a-vfprintf_i.o)
 .ARM.attributes
                0x00000429       0x2e c:/program files (x86)/emblocks/2.30/share/em_armgcc/bin/../lib/gcc/arm-none-eabi/4.7.3/../../../../arm-none-eabi/lib/armv7e-m\libc_n.a(lib_a-memchr-stub.o)
 .ARM.attributes
                0x00000457       0x2e c:/program files (x86)/emblocks/2.30/share/em_armgcc/bin/../lib/gcc/arm-none-eabi/4.7.3/../../../../arm-none-eabi/lib/armv7e-m\libc_n.a(lib_a-memcpy-stub.o)
 .ARM.attributes
                0x00000485       0x2e c:/program files (x86)/emblocks/2.30/share/em_armgcc/bin/../lib/gcc/arm-none-eabi/4.7.3/../../../../arm-none-eabi/lib/armv7e-m\libc_n.a(lib_a-memmove.o)
 .ARM.attributes
                0x000004b3       0x2e c:/program files (x86)/emblocks/2.30/share/em_armgcc/bin/../lib/gcc/arm-none-eabi/4.7.3/../../../../arm-none-eabi/lib/armv7e-m\libc_n.a(lib_a-nano-freer.o)
 .ARM.attributes
                0x000004e1       0x2e c:/program files (x86)/emblocks/2.30/share/em_armgcc/bin/../lib/gcc/arm-none-eabi/4.7.3/../../../../arm-none-eabi/lib/armv7e-m\libc_n.a(lib_a-nano-mallocr.o)
 .ARM.attributes
                0x0000050f       0x2e c:/program files (x86)/emblocks/2.30/share/em_armgcc/bin/../lib/gcc/arm-none-eabi/4.7.3/../../../../arm-none-eabi/lib/armv7e-m\libc_n.a(lib_a-nano-reallocr.o)
 .ARM.attributes
                0x0000053d       0x2e c:/program files (x86)/emblocks/2.30/share/em_armgcc/bin/../lib/gcc/arm-none-eabi/4.7.3/../../../../arm-none-eabi/lib/armv7e-m\libc_n.a(lib_a-sbrkr.o)
 .ARM.attributes
                0x0000056b       0x2e c:/program files (x86)/emblocks/2.30/share/em_armgcc/bin/../lib/gcc/arm-none-eabi/4.7.3/../../../../arm-none-eabi/lib/armv7e-m\libc_n.a(lib_a-strlen.o)
 .ARM.attributes
                0x00000599       0x2e c:/program files (x86)/emblocks/2.30/share/em_armgcc/bin/../lib/gcc/arm-none-eabi/4.7.3/../../../../arm-none-eabi/lib/armv7e-m\libc_n.a(lib_a-nano-msizer.o)
 .ARM.attributes
                0x000005c7       0x2e c:/program files (x86)/emblocks/2.30/share/em_armgcc/bin/../lib/gcc/arm-none-eabi/4.7.3/../../../../arm-none-eabi/lib/armv7e-m\libc_n.a(lib_a-reent.o)
 .ARM.attributes
                0x000005f5       0x2e c:/program files (x86)/emblocks/2.30/share/em_armgcc/bin/../lib/gcc/arm-none-eabi/4.7.3/../../../../arm-none-eabi/lib/armv7e-m\libnosys.a(sbrk.o)
 .ARM.attributes
                0x00000623       0x2e c:/program files (x86)/emblocks/2.30/share/em_armgcc/bin/../lib/gcc/arm-none-eabi/4.7.3/../../../../arm-none-eabi/lib/armv7e-m\libnosys.a(_exit.o)
 .ARM.attributes
                0x00000651       0x2e c:/program files (x86)/emblocks/2.30/share/em_armgcc/bin/../lib/gcc/arm-none-eabi/4.7.3/armv7e-m/crtend.o
 .ARM.attributes
                0x0000067f       0x1e c:/program files (x86)/emblocks/2.30/share/em_armgcc/bin/../lib/gcc/arm-none-eabi/4.7.3/armv7e-m/crtn.o

.comment        0x00000000       0x86
 .comment       0x00000000       0x4e obj\debug\spl\src\stm32f37x_exti.o
                                 0x4f (size before relaxing)
 .comment       0x00000000       0x4f obj\debug\spl\src\stm32f37x_gpio.o
 .comment       0x00000000       0x4f obj\debug\spl\src\stm32f37x_misc.o
 .comment       0x00000000       0x4f obj\debug\spl\src\stm32f37x_rcc.o
 .comment       0x00000000       0x4f obj\debug\spl\src\stm32f37x_syscfg.o
 .comment       0x00000000       0x4f obj\debug\spl\src\stm32f37x_tim.o
 .comment       0x00000000       0x4f obj\debug\src\button.o
 .comment       0x00000000       0x4f obj\debug\src\ds18b20.o
 .comment       0x00000000       0x4f obj\debug\src\hd44780.o
 .comment       0x00000000       0x4f obj\debug\src\encoder.o
 .comment       0x0000004e       0x38 obj\debug\src\main.o
                                 0x39 (size before relaxing)
 .comment       0x00000000       0x4f obj\debug\src\system_stm32f37x.o

.debug_info     0x00000000     0x72cc
 .debug_info    0x00000000      0x37d obj\debug\spl\src\stm32f37x_exti.o
 .debug_info    0x0000037d      0x643 obj\debug\spl\src\stm32f37x_gpio.o
 .debug_info    0x000009c0      0x59a obj\debug\spl\src\stm32f37x_misc.o
 .debug_info    0x00000f5a      0xb2f obj\debug\spl\src\stm32f37x_rcc.o
 .debug_info    0x00001a89      0x35a obj\debug\spl\src\stm32f37x_syscfg.o
 .debug_info    0x00001de3     0x1e2d obj\debug\spl\src\stm32f37x_tim.o
 .debug_info    0x00003c10      0x8b5 obj\debug\src\button.o
 .debug_info    0x000044c5      0xd1a obj\debug\src\ds18b20.o
 .debug_info    0x000051df      0x47b obj\debug\src\hd44780.o
 .debug_info    0x0000565a      0x775 obj\debug\src\encoder.o
 .debug_info    0x00005dcf      0xf88 obj\debug\src\main.o
 .debug_info    0x00006d57       0x8f obj\debug\src\startup_stm32f37x.o
 .debug_info    0x00006de6      0x4e6 obj\debug\src\system_stm32f37x.o

.debug_abbrev   0x00000000     0x12f9
 .debug_abbrev  0x00000000      0x1ac obj\debug\spl\src\stm32f37x_exti.o
 .debug_abbrev  0x000001ac      0x19b obj\debug\spl\src\stm32f37x_gpio.o
 .debug_abbrev  0x00000347      0x12e obj\debug\spl\src\stm32f37x_misc.o
 .debug_abbrev  0x00000475      0x1ea obj\debug\spl\src\stm32f37x_rcc.o
 .debug_abbrev  0x0000065f      0x161 obj\debug\spl\src\stm32f37x_syscfg.o
 .debug_abbrev  0x000007c0      0x18e obj\debug\spl\src\stm32f37x_tim.o
 .debug_abbrev  0x0000094e      0x15d obj\debug\src\button.o
 .debug_abbrev  0x00000aab      0x22f obj\debug\src\ds18b20.o
 .debug_abbrev  0x00000cda      0x193 obj\debug\src\hd44780.o
 .debug_abbrev  0x00000e6d      0x132 obj\debug\src\encoder.o
 .debug_abbrev  0x00000f9f      0x209 obj\debug\src\main.o
 .debug_abbrev  0x000011a8       0x14 obj\debug\src\startup_stm32f37x.o
 .debug_abbrev  0x000011bc      0x13d obj\debug\src\system_stm32f37x.o

.debug_loc      0x00000000     0x2d68
 .debug_loc     0x00000000      0x1b4 obj\debug\spl\src\stm32f37x_exti.o
 .debug_loc     0x000001b4      0x2d8 obj\debug\spl\src\stm32f37x_gpio.o
 .debug_loc     0x0000048c      0x118 obj\debug\spl\src\stm32f37x_misc.o
 .debug_loc     0x000005a4      0x864 obj\debug\spl\src\stm32f37x_rcc.o
 .debug_loc     0x00000e08      0x224 obj\debug\spl\src\stm32f37x_syscfg.o
 .debug_loc     0x0000102c     0x13e8 obj\debug\spl\src\stm32f37x_tim.o
 .debug_loc     0x00002414      0x14c obj\debug\src\button.o
 .debug_loc     0x00002560      0x3b6 obj\debug\src\ds18b20.o
 .debug_loc     0x00002916      0x1c0 obj\debug\src\hd44780.o
 .debug_loc     0x00002ad6       0x64 obj\debug\src\encoder.o
 .debug_loc     0x00002b3a      0x192 obj\debug\src\main.o
 .debug_loc     0x00002ccc       0x9c obj\debug\src\system_stm32f37x.o

.debug_aranges  0x00000000      0x7e0
 .debug_aranges
                0x00000000       0x58 obj\debug\spl\src\stm32f37x_exti.o
 .debug_aranges
                0x00000058       0x80 obj\debug\spl\src\stm32f37x_gpio.o
 .debug_aranges
                0x000000d8       0x40 obj\debug\spl\src\stm32f37x_misc.o
 .debug_aranges
                0x00000118      0x150 obj\debug\spl\src\stm32f37x_rcc.o
 .debug_aranges
                0x00000268       0x68 obj\debug\spl\src\stm32f37x_syscfg.o
 .debug_aranges
                0x000002d0      0x2f0 obj\debug\spl\src\stm32f37x_tim.o
 .debug_aranges
                0x000005c0       0x50 obj\debug\src\button.o
 .debug_aranges
                0x00000610       0xa8 obj\debug\src\ds18b20.o
 .debug_aranges
                0x000006b8       0x58 obj\debug\src\hd44780.o
 .debug_aranges
                0x00000710       0x28 obj\debug\src\encoder.o
 .debug_aranges
                0x00000738       0x58 obj\debug\src\main.o
 .debug_aranges
                0x00000790       0x20 obj\debug\src\startup_stm32f37x.o
 .debug_aranges
                0x000007b0       0x30 obj\debug\src\system_stm32f37x.o

.debug_ranges   0x00000000      0x700
 .debug_ranges  0x00000000       0x48 obj\debug\spl\src\stm32f37x_exti.o
 .debug_ranges  0x00000048       0x70 obj\debug\spl\src\stm32f37x_gpio.o
 .debug_ranges  0x000000b8       0x30 obj\debug\spl\src\stm32f37x_misc.o
 .debug_ranges  0x000000e8      0x140 obj\debug\spl\src\stm32f37x_rcc.o
 .debug_ranges  0x00000228       0x58 obj\debug\spl\src\stm32f37x_syscfg.o
 .debug_ranges  0x00000280      0x2e0 obj\debug\spl\src\stm32f37x_tim.o
 .debug_ranges  0x00000560       0x40 obj\debug\src\button.o
 .debug_ranges  0x000005a0       0x98 obj\debug\src\ds18b20.o
 .debug_ranges  0x00000638       0x48 obj\debug\src\hd44780.o
 .debug_ranges  0x00000680       0x18 obj\debug\src\encoder.o
 .debug_ranges  0x00000698       0x48 obj\debug\src\main.o
 .debug_ranges  0x000006e0       0x20 obj\debug\src\system_stm32f37x.o

.debug_macro    0x00000000     0x3cc6
 .debug_macro   0x00000000      0x1ab obj\debug\spl\src\stm32f37x_exti.o
 .debug_macro   0x000001ab       0xd6 obj\debug\spl\src\stm32f37x_exti.o
 .debug_macro   0x00000281      0x1a5 obj\debug\spl\src\stm32f37x_gpio.o
 .debug_macro   0x00000426      0x1a9 obj\debug\spl\src\stm32f37x_gpio.o
 .debug_macro   0x000005cf      0x1ab obj\debug\spl\src\stm32f37x_misc.o
 .debug_macro   0x0000077a       0x82 obj\debug\spl\src\stm32f37x_misc.o
 .debug_macro   0x000007fc      0x235 obj\debug\spl\src\stm32f37x_rcc.o
 .debug_macro   0x00000a31      0x56c obj\debug\spl\src\stm32f37x_rcc.o
 .debug_macro   0x00000f9d      0x1ab obj\debug\spl\src\stm32f37x_syscfg.o
 .debug_macro   0x00001148      0x162 obj\debug\spl\src\stm32f37x_syscfg.o
 .debug_macro   0x000012aa      0x1c1 obj\debug\spl\src\stm32f37x_tim.o
 .debug_macro   0x0000146b      0x74a obj\debug\spl\src\stm32f37x_tim.o
 .debug_macro   0x00001bb5      0x1bd obj\debug\src\button.o
 .debug_macro   0x00001d72      0x19f obj\debug\src\ds18b20.o
 .debug_macro   0x00001f11      0x1a5 obj\debug\src\hd44780.o
 .debug_macro   0x000020b6      0x19f obj\debug\src\encoder.o
 .debug_macro   0x00002255      0x2c3 obj\debug\src\main.o
 .debug_macro   0x00002518      0x826 obj\debug\src\main.o
 .debug_macro   0x00002d3e       0x58 obj\debug\src\main.o
 .debug_macro   0x00002d96       0x16 obj\debug\src\main.o
 .debug_macro   0x00002dac       0x35 obj\debug\src\main.o
 .debug_macro   0x00002de1       0x16 obj\debug\src\main.o
 .debug_macro   0x00002df7       0x97 obj\debug\src\main.o
 .debug_macro   0x00002e8e       0x10 obj\debug\src\main.o
 .debug_macro   0x00002e9e       0xf5 obj\debug\src\main.o
 .debug_macro   0x00002f93       0x4a obj\debug\src\main.o
 .debug_macro   0x00002fdd       0x52 obj\debug\src\main.o
 .debug_macro   0x0000302f       0x16 obj\debug\src\main.o
 .debug_macro   0x00003045       0x43 obj\debug\src\main.o
 .debug_macro   0x00003088      0x180 obj\debug\src\main.o
 .debug_macro   0x00003208       0x10 obj\debug\src\main.o
 .debug_macro   0x00003218       0x22 obj\debug\src\main.o
 .debug_macro   0x0000323a       0xbd obj\debug\src\main.o
 .debug_macro   0x000032f7       0x16 obj\debug\src\main.o
 .debug_macro   0x0000330d      0x14a obj\debug\src\main.o
 .debug_macro   0x00003457      0x20f obj\debug\src\main.o
 .debug_macro   0x00003666       0x35 obj\debug\src\main.o
 .debug_macro   0x0000369b      0x452 obj\debug\src\main.o
 .debug_macro   0x00003aed       0x16 obj\debug\src\main.o
 .debug_macro   0x00003b03       0x22 obj\debug\src\main.o
 .debug_macro   0x00003b25      0x1a1 obj\debug\src\system_stm32f37x.o

.debug_line     0x00000000     0x500c
 .debug_line    0x00000000      0x57c obj\debug\spl\src\stm32f37x_exti.o
 .debug_line    0x0000057c      0x5fc obj\debug\spl\src\stm32f37x_gpio.o
 .debug_line    0x00000b78      0x530 obj\debug\spl\src\stm32f37x_misc.o
 .debug_line    0x000010a8      0x832 obj\debug\spl\src\stm32f37x_rcc.o
 .debug_line    0x000018da      0x596 obj\debug\spl\src\stm32f37x_syscfg.o
 .debug_line    0x00001e70      0xd02 obj\debug\spl\src\stm32f37x_tim.o
 .debug_line    0x00002b72      0x571 obj\debug\src\button.o
 .debug_line    0x000030e3      0x72c obj\debug\src\ds18b20.o
 .debug_line    0x0000380f      0x5b2 obj\debug\src\hd44780.o
 .debug_line    0x00003dc1      0x4fd obj\debug\src\encoder.o
 .debug_line    0x000042be      0x751 obj\debug\src\main.o
 .debug_line    0x00004a0f       0xba obj\debug\src\startup_stm32f37x.o
 .debug_line    0x00004ac9      0x543 obj\debug\src\system_stm32f37x.o

.debug_str      0x00000000    0x4da11
 .debug_str     0x00000000    0x48176 obj\debug\spl\src\stm32f37x_exti.o
                              0x4832e (size before relaxing)
 .debug_str     0x00048176      0x2b9 obj\debug\spl\src\stm32f37x_gpio.o
                              0x48447 (size before relaxing)
 .debug_str     0x0004842f      0x241 obj\debug\spl\src\stm32f37x_misc.o
                              0x483ab (size before relaxing)
 .debug_str     0x00048670      0x998 obj\debug\spl\src\stm32f37x_rcc.o
                              0x48b4f (size before relaxing)
 .debug_str     0x00049008      0x1cb obj\debug\spl\src\stm32f37x_syscfg.o
                              0x4833c (size before relaxing)
 .debug_str     0x000491d3      0xbda obj\debug\spl\src\stm32f37x_tim.o
                              0x48deb (size before relaxing)
 .debug_str     0x00049dad      0x49e obj\debug\src\button.o
                              0x489c4 (size before relaxing)
 .debug_str     0x0004a24b      0x1fb obj\debug\src\ds18b20.o
                              0x48b99 (size before relaxing)
 .debug_str     0x0004a446       0xac obj\debug\src\hd44780.o
                              0x483c3 (size before relaxing)
 .debug_str     0x0004a4f2       0x2b obj\debug\src\encoder.o
                              0x48835 (size before relaxing)
 .debug_str     0x0004a51d     0x3471 obj\debug\src\main.o
                              0x4b9bc (size before relaxing)
 .debug_str     0x0004d98e       0x83 obj\debug\src\system_stm32f37x.o
                              0x482c0 (size before relaxing)

.debug_frame    0x00000000     0x1c0c
 .debug_frame   0x00000000       0xec obj\debug\spl\src\stm32f37x_exti.o
 .debug_frame   0x000000ec      0x180 obj\debug\spl\src\stm32f37x_gpio.o
 .debug_frame   0x0000026c       0x9c obj\debug\spl\src\stm32f37x_misc.o
 .debug_frame   0x00000308      0x44c obj\debug\spl\src\stm32f37x_rcc.o
 .debug_frame   0x00000754      0x128 obj\debug\spl\src\stm32f37x_syscfg.o
 .debug_frame   0x0000087c      0xa20 obj\debug\spl\src\stm32f37x_tim.o
 .debug_frame   0x0000129c       0xd8 obj\debug\src\button.o
 .debug_frame   0x00001374      0x23c obj\debug\src\ds18b20.o
 .debug_frame   0x000015b0      0x10c obj\debug\src\hd44780.o
 .debug_frame   0x000016bc       0x4c obj\debug\src\encoder.o
 .debug_frame   0x00001708       0xf0 obj\debug\src\main.o
 .debug_frame   0x000017f8       0x64 obj\debug\src\system_stm32f37x.o
 .debug_frame   0x0000185c       0x28 c:/program files (x86)/emblocks/2.30/share/em_armgcc/bin/../lib/gcc/arm-none-eabi/4.7.3/../../../../arm-none-eabi/lib/armv7e-m\libc_n.a(lib_a-exit.o)
 .debug_frame   0x00001884       0x2c c:/program files (x86)/emblocks/2.30/share/em_armgcc/bin/../lib/gcc/arm-none-eabi/4.7.3/../../../../arm-none-eabi/lib/armv7e-m\libc_n.a(lib_a-init.o)
 .debug_frame   0x000018b0       0x20 c:/program files (x86)/emblocks/2.30/share/em_armgcc/bin/../lib/gcc/arm-none-eabi/4.7.3/../../../../arm-none-eabi/lib/armv7e-m\libc_n.a(lib_a-memset.o)
 .debug_frame   0x000018d0       0x58 c:/program files (x86)/emblocks/2.30/share/em_armgcc/bin/../lib/gcc/arm-none-eabi/4.7.3/../../../../arm-none-eabi/lib/armv7e-m\libc_n.a(lib_a-snprintf.o)
 .debug_frame   0x00001928       0x8c c:/program files (x86)/emblocks/2.30/share/em_armgcc/bin/../lib/gcc/arm-none-eabi/4.7.3/../../../../arm-none-eabi/lib/armv7e-m\libc_n.a(lib_a-svfprintf.o)
 .debug_frame   0x000019b4       0x60 c:/program files (x86)/emblocks/2.30/share/em_armgcc/bin/../lib/gcc/arm-none-eabi/4.7.3/../../../../arm-none-eabi/lib/armv7e-m\libc_n.a(lib_a-vfprintf_i.o)
 .debug_frame   0x00001a14       0x28 c:/program files (x86)/emblocks/2.30/share/em_armgcc/bin/../lib/gcc/arm-none-eabi/4.7.3/../../../../arm-none-eabi/lib/armv7e-m\libc_n.a(lib_a-memchr-stub.o)
 .debug_frame   0x00001a3c       0x28 c:/program files (x86)/emblocks/2.30/share/em_armgcc/bin/../lib/gcc/arm-none-eabi/4.7.3/../../../../arm-none-eabi/lib/armv7e-m\libc_n.a(lib_a-memcpy-stub.o)
 .debug_frame   0x00001a64       0x28 c:/program files (x86)/emblocks/2.30/share/em_armgcc/bin/../lib/gcc/arm-none-eabi/4.7.3/../../../../arm-none-eabi/lib/armv7e-m\libc_n.a(lib_a-memmove.o)
 .debug_frame   0x00001a8c       0x2c c:/program files (x86)/emblocks/2.30/share/em_armgcc/bin/../lib/gcc/arm-none-eabi/4.7.3/../../../../arm-none-eabi/lib/armv7e-m\libc_n.a(lib_a-nano-freer.o)
 .debug_frame   0x00001ab8       0x30 c:/program files (x86)/emblocks/2.30/share/em_armgcc/bin/../lib/gcc/arm-none-eabi/4.7.3/../../../../arm-none-eabi/lib/armv7e-m\libc_n.a(lib_a-nano-mallocr.o)
 .debug_frame   0x00001ae8       0x30 c:/program files (x86)/emblocks/2.30/share/em_armgcc/bin/../lib/gcc/arm-none-eabi/4.7.3/../../../../arm-none-eabi/lib/armv7e-m\libc_n.a(lib_a-nano-reallocr.o)
 .debug_frame   0x00001b18       0x2c c:/program files (x86)/emblocks/2.30/share/em_armgcc/bin/../lib/gcc/arm-none-eabi/4.7.3/../../../../arm-none-eabi/lib/armv7e-m\libc_n.a(lib_a-sbrkr.o)
 .debug_frame   0x00001b44       0x20 c:/program files (x86)/emblocks/2.30/share/em_armgcc/bin/../lib/gcc/arm-none-eabi/4.7.3/../../../../arm-none-eabi/lib/armv7e-m\libc_n.a(lib_a-strlen.o)
 .debug_frame   0x00001b64       0x20 c:/program files (x86)/emblocks/2.30/share/em_armgcc/bin/../lib/gcc/arm-none-eabi/4.7.3/../../../../arm-none-eabi/lib/armv7e-m\libc_n.a(lib_a-nano-msizer.o)
 .debug_frame   0x00001b84       0x48 c:/program files (x86)/emblocks/2.30/share/em_armgcc/bin/../lib/gcc/arm-none-eabi/4.7.3/../../../../arm-none-eabi/lib/armv7e-m\libc_n.a(lib_a-reent.o)
 .debug_frame   0x00001bcc       0x20 c:/program files (x86)/emblocks/2.30/share/em_armgcc/bin/../lib/gcc/arm-none-eabi/4.7.3/../../../../arm-none-eabi/lib/armv7e-m\libnosys.a(sbrk.o)
 .debug_frame   0x00001bec       0x20 c:/program files (x86)/emblocks/2.30/share/em_armgcc/bin/../lib/gcc/arm-none-eabi/4.7.3/../../../../arm-none-eabi/lib/armv7e-m\libnosys.a(_exit.o)
