Archive member included because of file (symbol)

c:/program files (x86)/emblocks/2.30/share/em_armgcc/bin/../lib/gcc/arm-none-eabi/4.7.3/../../../../arm-none-eabi/lib/armv7e-m\libc_n.a(lib_a-exit.o)
                              c:/program files (x86)/emblocks/2.30/share/em_armgcc/bin/../lib/gcc/arm-none-eabi/4.7.3/../../../../arm-none-eabi/lib/armv7e-m/crt0.o (exit)
c:/program files (x86)/emblocks/2.30/share/em_armgcc/bin/../lib/gcc/arm-none-eabi/4.7.3/../../../../arm-none-eabi/lib/armv7e-m\libc_n.a(lib_a-impure.o)
                              c:/program files (x86)/emblocks/2.30/share/em_armgcc/bin/../lib/gcc/arm-none-eabi/4.7.3/../../../../arm-none-eabi/lib/armv7e-m\libc_n.a(lib_a-exit.o) (_global_impure_ptr)
c:/program files (x86)/emblocks/2.30/share/em_armgcc/bin/../lib/gcc/arm-none-eabi/4.7.3/../../../../arm-none-eabi/lib/armv7e-m\libc_n.a(lib_a-init.o)
                              c:/program files (x86)/emblocks/2.30/share/em_armgcc/bin/../lib/gcc/arm-none-eabi/4.7.3/../../../../arm-none-eabi/lib/armv7e-m/crt0.o (__libc_init_array)
c:/program files (x86)/emblocks/2.30/share/em_armgcc/bin/../lib/gcc/arm-none-eabi/4.7.3/../../../../arm-none-eabi/lib/armv7e-m\libc_n.a(lib_a-memset.o)
                              c:/program files (x86)/emblocks/2.30/share/em_armgcc/bin/../lib/gcc/arm-none-eabi/4.7.3/../../../../arm-none-eabi/lib/armv7e-m/crt0.o (memset)
c:/program files (x86)/emblocks/2.30/share/em_armgcc/bin/../lib/gcc/arm-none-eabi/4.7.3/../../../../arm-none-eabi/lib/armv7e-m\libc_n.a(lib_a-snprintf.o)
                              obj\debug\src\main.o (snprintf)
c:/program files (x86)/emblocks/2.30/share/em_armgcc/bin/../lib/gcc/arm-none-eabi/4.7.3/../../../../arm-none-eabi/lib/armv7e-m\libc_n.a(lib_a-svfprintf.o)
                              c:/program files (x86)/emblocks/2.30/share/em_armgcc/bin/../lib/gcc/arm-none-eabi/4.7.3/../../../../arm-none-eabi/lib/armv7e-m\libc_n.a(lib_a-snprintf.o) (_svfprintf_r)
c:/program files (x86)/emblocks/2.30/share/em_armgcc/bin/../lib/gcc/arm-none-eabi/4.7.3/../../../../arm-none-eabi/lib/armv7e-m\libc_n.a(lib_a-vfprintf_i.o)
                              c:/program files (x86)/emblocks/2.30/share/em_armgcc/bin/../lib/gcc/arm-none-eabi/4.7.3/../../../../arm-none-eabi/lib/armv7e-m\libc_n.a(lib_a-svfprintf.o) (_printf_i)
c:/program files (x86)/emblocks/2.30/share/em_armgcc/bin/../lib/gcc/arm-none-eabi/4.7.3/../../../../arm-none-eabi/lib/armv7e-m\libc_n.a(lib_a-memchr-stub.o)
                              c:/program files (x86)/emblocks/2.30/share/em_armgcc/bin/../lib/gcc/arm-none-eabi/4.7.3/../../../../arm-none-eabi/lib/armv7e-m\libc_n.a(lib_a-svfprintf.o) (memchr)
c:/program files (x86)/emblocks/2.30/share/em_armgcc/bin/../lib/gcc/arm-none-eabi/4.7.3/../../../../arm-none-eabi/lib/armv7e-m\libc_n.a(lib_a-memcpy-stub.o)
                              c:/program files (x86)/emblocks/2.30/share/em_armgcc/bin/../lib/gcc/arm-none-eabi/4.7.3/../../../../arm-none-eabi/lib/armv7e-m\libc_n.a(lib_a-svfprintf.o) (memcpy)
c:/program files (x86)/emblocks/2.30/share/em_armgcc/bin/../lib/gcc/arm-none-eabi/4.7.3/../../../../arm-none-eabi/lib/armv7e-m\libc_n.a(lib_a-memmove.o)
                              c:/program files (x86)/emblocks/2.30/share/em_armgcc/bin/../lib/gcc/arm-none-eabi/4.7.3/../../../../arm-none-eabi/lib/armv7e-m\libc_n.a(lib_a-svfprintf.o) (memmove)
c:/program files (x86)/emblocks/2.30/share/em_armgcc/bin/../lib/gcc/arm-none-eabi/4.7.3/../../../../arm-none-eabi/lib/armv7e-m\libc_n.a(lib_a-nano-freer.o)
                              c:/program files (x86)/emblocks/2.30/share/em_armgcc/bin/../lib/gcc/arm-none-eabi/4.7.3/../../../../arm-none-eabi/lib/armv7e-m\libc_n.a(lib_a-svfprintf.o) (_free_r)
c:/program files (x86)/emblocks/2.30/share/em_armgcc/bin/../lib/gcc/arm-none-eabi/4.7.3/../../../../arm-none-eabi/lib/armv7e-m\libc_n.a(lib_a-nano-mallocr.o)
                              c:/program files (x86)/emblocks/2.30/share/em_armgcc/bin/../lib/gcc/arm-none-eabi/4.7.3/../../../../arm-none-eabi/lib/armv7e-m\libc_n.a(lib_a-svfprintf.o) (_malloc_r)
c:/program files (x86)/emblocks/2.30/share/em_armgcc/bin/../lib/gcc/arm-none-eabi/4.7.3/../../../../arm-none-eabi/lib/armv7e-m\libc_n.a(lib_a-nano-reallocr.o)
                              c:/program files (x86)/emblocks/2.30/share/em_armgcc/bin/../lib/gcc/arm-none-eabi/4.7.3/../../../../arm-none-eabi/lib/armv7e-m\libc_n.a(lib_a-svfprintf.o) (_realloc_r)
c:/program files (x86)/emblocks/2.30/share/em_armgcc/bin/../lib/gcc/arm-none-eabi/4.7.3/../../../../arm-none-eabi/lib/armv7e-m\libc_n.a(lib_a-sbrkr.o)
                              c:/program files (x86)/emblocks/2.30/share/em_armgcc/bin/../lib/gcc/arm-none-eabi/4.7.3/../../../../arm-none-eabi/lib/armv7e-m\libc_n.a(lib_a-nano-mallocr.o) (_sbrk_r)
c:/program files (x86)/emblocks/2.30/share/em_armgcc/bin/../lib/gcc/arm-none-eabi/4.7.3/../../../../arm-none-eabi/lib/armv7e-m\libc_n.a(lib_a-strlen.o)
[...]
Memory Configuration

Name             Origin             Length             Attributes
ROM              0x08000000         0x00020000         xr
RAM              0x20000000         0x00006000         xrw
*default*        0x00000000         0xffffffff

Linker script and memory map

LOAD c:/program files (x86)/emblocks/2.30/share/em_armgcc/bin/../lib/gcc/arm-none-eabi/4.7.3/armv7e-m/crti.o
LOAD c:/program files (x86)/emblocks/2.30/share/em_armgcc/bin/../lib/gcc/arm-none-eabi/4.7.3/armv7e-m/crtbegin.o
LOAD c:/program files (x86)/emblocks/2.30/share/em_armgcc/bin/../lib/gcc/arm-none-eabi/4.7.3/../../../../arm-none-eabi/lib/armv7e-m/crt0.o
                0x00000000                __HEAP_SIZE = 0x0
                0x00000100                __STACK_SIZE = 0x100

.text           0x08000000     0x477c
 *(.isr_vector)
 .isr_vector    0x08000000      0x188 obj\debug\src\startup_stm32f37x.o
                0x08000000                __isr_vector
 *(.text*)
 .text          0x08000188       0x54 c:/program files (x86)/emblocks/2.30/share/em_armgcc/bin/../lib/gcc/arm-none-eabi/4.7.3/armv7e-m/crtbegin.o
 .text          0x080001dc       0x74 c:/program files (x86)/emblocks/2.30/share/em_armgcc/bin/../lib/gcc/arm-none-eabi/4.7.3/../../../../arm-none-eabi/lib/armv7e-m/crt0.o
                0x080001dc                _start
                0x080001dc                _mainCRTStartup
 .text.CAN_Receive
                0x08000250      0x1a8 obj\debug\spl\src\stm32f37x_can.o
                0x08000250                CAN_Receive
 .text.EXTI_Init
                0x080003f8      0x138 obj\debug\spl\src\stm32f37x_exti.o
                0x080003f8                EXTI_Init
 .text.EXTI_GetITStatus
                0x08000530       0x58 obj\debug\spl\src\stm32f37x_exti.o
                0x08000530                EXTI_GetITStatus
 .text.EXTI_ClearITPendingBit
                0x08000588       0x20 obj\debug\spl\src\stm32f37x_exti.o
                0x08000588                EXTI_ClearITPendingBit
 .text.FLASH_ErasePage
                0x080005a8       0x8c obj\debug\spl\src\stm32f37x_flash.o
                0x080005a8                FLASH_ErasePage
 .text.FLASH_ProgramHalfWord
                0x08000634       0x74 obj\debug\spl\src\stm32f37x_flash.o
                0x08000634                FLASH_ProgramHalfWord
 .text.FLASH_GetStatus
                0x080006a8       0x70 obj\debug\spl\src\stm32f37x_flash.o
                0x080006a8                FLASH_GetStatus
 .text.FLASH_WaitForLastOperation
                0x08000718       0x4c obj\debug\spl\src\stm32f37x_flash.o
                0x08000718                FLASH_WaitForLastOperation
 .text.GPIO_Init
                0x08000764      0x150 obj\debug\spl\src\stm32f37x_gpio.o
                0x08000764                GPIO_Init
 .text.GPIO_ReadInputDataBit
                0x080008b4       0x40 obj\debug\spl\src\stm32f37x_gpio.o
                0x080008b4                GPIO_ReadInputDataBit
 .text.GPIO_SetBits
                0x080008f4       0x1c obj\debug\spl\src\stm32f37x_gpio.o
                0x080008f4                GPIO_SetBits
 .text.GPIO_ResetBits
                0x08000910       0x1c obj\debug\spl\src\stm32f37x_gpio.o
                0x08000910                GPIO_ResetBits
 .text.GPIO_WriteBit
                0x0800092c       0x30 obj\debug\spl\src\stm32f37x_gpio.o
                0x0800092c                GPIO_WriteBit
 .text.GPIO_PinAFConfig
                0x0800095c       0xa8 obj\debug\spl\src\stm32f37x_gpio.o
                0x0800095c                GPIO_PinAFConfig
 .text.NVIC_Init
                0x08000a04       0xe8 obj\debug\spl\src\stm32f37x_misc.o
                0x08000a04                NVIC_Init
 .text.RCC_MCOConfig
                0x08000aec       0x20 obj\debug\spl\src\stm32f37x_rcc.o
                0x08000aec                RCC_MCOConfig
 .text.RCC_GetClocksFreq
                0x08000b0c      0x3e0 obj\debug\spl\src\stm32f37x_rcc.o
                0x08000b0c                RCC_GetClocksFreq
 .text.RCC_AHBPeriphClockCmd
                0x08000eec       0x54 obj\debug\spl\src\stm32f37x_rcc.o
                0x08000eec                RCC_AHBPeriphClockCmd
 .text.RCC_APB2PeriphClockCmd
                0x08000f40       0x54 obj\debug\spl\src\stm32f37x_rcc.o
                0x08000f40                RCC_APB2PeriphClockCmd
 .text.RCC_APB1PeriphClockCmd
                0x08000f94       0x54 obj\debug\spl\src\stm32f37x_rcc.o
                0x08000f94                RCC_APB1PeriphClockCmd
 .text.SYSCFG_EXTILineConfig
                0x08000fe8       0xb0 obj\debug\spl\src\stm32f37x_syscfg.o
                0x08000fe8                SYSCFG_EXTILineConfig
 .text.TIM_TimeBaseInit
                0x08001098      0x100 obj\debug\spl\src\stm32f37x_tim.o
                0x08001098                TIM_TimeBaseInit
 .text.TIM_PrescalerConfig
                0x08001198       0x28 obj\debug\spl\src\stm32f37x_tim.o
                0x08001198                TIM_PrescalerConfig
 .text.TIM_SetAutoreload
                0x080011c0       0x1c obj\debug\spl\src\stm32f37x_tim.o
                0x080011c0                TIM_SetAutoreload
 .text.TIM_ARRPreloadConfig
                0x080011dc       0x40 obj\debug\spl\src\stm32f37x_tim.o
                0x080011dc                TIM_ARRPreloadConfig
 .text.TIM_Cmd  0x0800121c       0x40 obj\debug\spl\src\stm32f37x_tim.o
                0x0800121c                TIM_Cmd
 .text.TIM_OC3Init
                0x0800125c       0xa4 obj\debug\spl\src\stm32f37x_tim.o
                0x0800125c                TIM_OC3Init
 .text.TIM_ITConfig
                0x08001300       0x48 obj\debug\spl\src\stm32f37x_tim.o
                0x08001300                TIM_ITConfig
 .text.TIM_GetITStatus
                0x08001348       0x60 obj\debug\spl\src\stm32f37x_tim.o
                0x08001348                TIM_GetITStatus
 .text.TIM_ClearITPendingBit
                0x080013a8       0x24 obj\debug\spl\src\stm32f37x_tim.o
                0x080013a8                TIM_ClearITPendingBit
 .text.TIM_EncoderInterfaceConfig
                0x080013cc       0x94 obj\debug\spl\src\stm32f37x_tim.o
                0x080013cc                TIM_EncoderInterfaceConfig
 .text.Button_Init
                0x08001460      0x12c obj\debug\src\button.o
                0x08001460                Button_Init
 .text.ButtonGetState
                0x0800158c       0x58 obj\debug\src\button.o
                0x0800158c                ButtonGetState
 .text.EXTI0_IRQHandler
                0x080015e4       0x34 obj\debug\src\button.o
                0x080015e4                EXTI0_IRQHandler
 .text.EXTI1_IRQHandler
                0x08001618       0x34 obj\debug\src\button.o
                0x08001618                EXTI1_IRQHandler
 .text.EXTI2_TS_IRQHandler
                0x0800164c       0x34 obj\debug\src\button.o
                0x0800164c                EXTI2_TS_IRQHandler
 .text.EXTI3_IRQHandler
                0x08001680       0x34 obj\debug\src\button.o
                0x08001680                EXTI3_IRQHandler
 .text.TIM3_IRQHandler
                0x080016b4       0x2c obj\debug\src\button.o
                0x080016b4                TIM3_IRQHandler
 .text.oneWire_Init
                0x080016e0      0x110 obj\debug\src\ds18b20.o
                0x080016e0                oneWire_Init
 .text.TIM14_IRQHandler
                0x080017f0       0x44 obj\debug\src\ds18b20.o
                0x080017f0                TIM14_IRQHandler
 .text.OW_Delay_us
                0x08001834       0x50 obj\debug\src\ds18b20.o
 .text.OneWire_ReadBit
                0x08001884       0x3c obj\debug\src\ds18b20.o
                0x08001884                OneWire_ReadBit
 .text.OneWire_WriteBitHi
                0x080018c0       0x20 obj\debug\src\ds18b20.o
                0x080018c0                OneWire_WriteBitHi
 .text.OneWire_WriteBitLo
                0x080018e0       0x20 obj\debug\src\ds18b20.o
                0x080018e0                OneWire_WriteBitLo
 .text.OneWire_ReadByte
                0x08001900       0x50 obj\debug\src\ds18b20.o
                0x08001900                OneWire_ReadByte
 .text.OneWire_WriteByte
                0x08001950       0x4c obj\debug\src\ds18b20.o
                0x08001950                OneWire_WriteByte
 .text.OneWire_ResetSequenz
                0x0800199c       0x74 obj\debug\src\ds18b20.o
                0x0800199c                OneWire_ResetSequenz
 .text.OW_DataLo
                0x08001a10       0x24 obj\debug\src\ds18b20.o
                0x08001a10                OW_DataLo
 .text.OW_DataHi
                0x08001a34       0x24 obj\debug\src\ds18b20.o
                0x08001a34                OW_DataHi
 .text.OW_Mess_Lo_us
                0x08001a58       0xac obj\debug\src\ds18b20.o
                0x08001a58                OW_Mess_Lo_us
 .text.OW_DataRead
                0x08001b04       0x34 obj\debug\src\ds18b20.o
                0x08001b04                OW_DataRead
 .text.OneWire_ReadRomCode
                0x08001b38       0x4c obj\debug\src\ds18b20.o
                0x08001b38                OneWire_ReadRomCode
 .text.DS18B20_StartMeasurement
                0x08001b84       0x44 obj\debug\src\ds18b20.o
                0x08001b84                DS18B20_StartMeasurement
 .text.DS18B20_GetTemp
                0x08001bc8      0x238 obj\debug\src\ds18b20.o
                0x08001bc8                DS18B20_GetTemp
 .text.DS18B20_SetResolution
                0x08001e00       0x9c obj\debug\src\ds18b20.o
                0x08001e00                DS18B20_SetResolution
 .text.DS18B20_ReadSensor
                0x08001e9c       0xb4 obj\debug\src\ds18b20.o
                0x08001e9c                DS18B20_ReadSensor
 .text.delay    0x08001f50       0x30 obj\debug\src\hd44780.o
 .text.HD44780_Init
                0x08001f80      0x1a4 obj\debug\src\hd44780.o
                0x08001f80                HD44780_Init
 .text.writeCommand4bit
                0x08002124       0x30 obj\debug\src\hd44780.o
 .text.writeNibble
                0x08002154       0x9c obj\debug\src\hd44780.o
 .text.writeCommand
                0x080021f0       0x38 obj\debug\src\hd44780.o
 .text.writeData
                0x08002228       0x48 obj\debug\src\hd44780.o
 .text.HD44780_BL
                0x08002270       0x24 obj\debug\src\hd44780.o
                0x08002270                HD44780_BL
 .text.HD44780_string
                0x08002294       0x70 obj\debug\src\hd44780.o
                0x08002294                HD44780_string
 .text.CAN1_RX0_IRQHandler
                0x08002304       0x24 obj\debug\src\can.o
                0x08002304                CAN1_RX0_IRQHandler
 .text.EE_ReadVariable
                0x08002328       0xb8 obj\debug\src\eeprom.o
                0x08002328                EE_ReadVariable
 .text.EE_WriteVariable
                0x080023e0       0x48 obj\debug\src\eeprom.o
                0x080023e0                EE_WriteVariable
 .text.EE_FindValidPage
                0x08002428       0xa4 obj\debug\src\eeprom.o
 .text.EE_VerifyPageFullWriteVariable
                0x080024cc       0xcc obj\debug\src\eeprom.o
 .text.EE_PageTransfer
                0x08002598      0x17c obj\debug\src\eeprom.o
 .text.encoder_init
                0x08002714      0x100 obj\debug\src\encoder.o
                0x08002714                encoder_init
 .text.TIM4_IRQHandler
                0x08002814       0x44 obj\debug\src\encoder.o
                0x08002814                TIM4_IRQHandler
 .text.NVIC_SetPriority
                0x08002858       0x5c obj\debug\src\main.o
 .text.SysTick_Config
                0x080028b4       0x64 obj\debug\src\main.o
 .text.main     0x08002918      0xc94 obj\debug\src\main.o
                0x08002918                main
 .text.encoder_count_up
                0x080035ac       0x40 obj\debug\src\main.o
                0x080035ac                encoder_count_up
 .text.encoder_count_down
                0x080035ec       0x40 obj\debug\src\main.o
                0x080035ec                encoder_count_down
 .text.SystickInit
                0x0800362c       0x30 obj\debug\src\main.o
                0x0800362c                SystickInit
 .text.SysTick_Handler
                0x0800365c       0x70 obj\debug\src\main.o
                0x0800365c                SysTick_Handler
 .text.storeSettings
                0x080036cc      0x178 obj\debug\src\main.o
                0x080036cc                storeSettings
 .text.readSettings
                0x08003844      0x13c obj\debug\src\main.o
                0x08003844                readSettings
 .text          0x08003980       0xe4 obj\debug\src\startup_stm32f37x.o
                0x08003980                Reset_Handler
                0x080039c6                NMI_Handler
                0x080039c8                HardFault_Handler
                0x080039ca                MemManage_Handler
                0x080039cc                BusFault_Handler
                0x080039ce                UsageFault_Handler
                0x080039d0                SVC_Handler
                0x080039d2                DebugMon_Handler
                0x080039d4                PendSV_Handler
                0x080039da                WWDG_IRQHandler
                0x080039dc                PVD_IRQHandler
                0x080039de                TAMPER_STAMP_IRQHandler
                0x080039e0                RTC_WKUP_IRQHandler
                0x080039e2                FLASH_IRQHandler
                0x080039e4                RCC_IRQHandler
                0x080039ee                EXTI4_IRQHandler
                0x080039f0                DMA1_Channel1_IRQHandler
                0x080039f2                DMA1_Channel2_IRQHandler
                0x080039f4                DMA1_Channel3_IRQHandler
                0x080039f6                DMA1_Channel4_IRQHandler
                0x080039f8                DMA1_Channel5_IRQHandler
                0x080039fa                DMA1_Channel6_IRQHandler
                0x080039fc                DMA1_Channel7_IRQHandler
                0x080039fe                ADC1_IRQHandler
                0x08003a00                CAN1_TX_IRQHandler
                0x08003a04                CAN1_RX1_IRQHandler
                0x08003a06                CAN1_SCE_IRQHandler
                0x08003a08                EXTI9_5_IRQHandler
                0x08003a0a                TIM15_IRQHandler
                0x08003a0c                TIM16_IRQHandler
                0x08003a0e                TIM17_IRQHandler
                0x08003a10                TIM18_DAC2_IRQHandler
                0x08003a12                TIM2_IRQHandler
                0x08003a18                I2C1_EV_IRQHandler
                0x08003a1a                I2C1_ER_IRQHandler
                0x08003a1c                I2C2_EV_IRQHandler
                0x08003a1e                I2C2_ER_IRQHandler
                0x08003a20                SPI1_IRQHandler
                0x08003a22                SPI2_IRQHandler
                0x08003a24                USART1_IRQHandler
                0x08003a26                USART2_IRQHandler
                0x08003a28                USART3_IRQHandler
                0x08003a2a                EXTI15_10_IRQHandler
                0x08003a2c                RTC_Alarm_IRQHandler
                0x08003a2e                CEC_IRQHandler
                0x08003a30                TIM12_IRQHandler
                0x08003a32                TIM13_IRQHandler
                0x08003a36                TIM5_IRQHandler
                0x08003a38                SPI3_IRQHandler
                0x08003a3a                TIM6_DAC1_IRQHandler
                0x08003a3c                TIM7_IRQHandler
                0x08003a3e                DMA2_Channel1_IRQHandler
                0x08003a40                DMA2_Channel2_IRQHandler
                0x08003a42                DMA2_Channel3_IRQHandler
                0x08003a44                DMA2_Channel4_IRQHandler
                0x08003a46                DMA2_Channel5_IRQHandler
                0x08003a48                SDADC1_IRQHandler
                0x08003a4a                SDADC2_IRQHandler
                0x08003a4c                SDADC3_IRQHandler
                0x08003a4e                COMP_IRQHandler
                0x08003a50                USB_HP_IRQHandler
                0x08003a52                USB_LP_IRQHandler
                0x08003a54                USBWakeUp_IRQHandler
                0x08003a56                TIM19_IRQHandler
                0x08003a58                FPU_IRQHandler
 .text.SystemInit
                0x08003a64       0xd8 obj\debug\src\system_stm32f37x.o
                0x08003a64                SystemInit
 .text.SetSysClock
                0x08003b3c      0x170 obj\debug\src\system_stm32f37x.o
 .text.exit     0x08003cac       0x28 c:/program files (x86)/emblocks/2.30/share/em_armgcc/bin/../lib/gcc/arm-none-eabi/4.7.3/../../../../arm-none-eabi/lib/armv7e-m\libc_n.a(lib_a-exit.o)
                0x08003cac                exit
 .text.__libc_init_array
                0x08003cd4       0x4c c:/program files (x86)/emblocks/2.30/share/em_armgcc/bin/../lib/gcc/arm-none-eabi/4.7.3/../../../../arm-none-eabi/lib/armv7e-m\libc_n.a(lib_a-init.o)
                0x08003cd4                __libc_init_array
 .text.memset   0x08003d20       0x10 c:/program files (x86)/emblocks/2.30/share/em_armgcc/bin/../lib/gcc/arm-none-eabi/4.7.3/../../../../arm-none-eabi/lib/armv7e-m\libc_n.a(lib_a-memset.o)
                0x08003d20                memset
 .text.snprintf
                0x08003d30       0x64 c:/program files (x86)/emblocks/2.30/share/em_armgcc/bin/../lib/gcc/arm-none-eabi/4.7.3/../../../../arm-none-eabi/lib/armv7e-m\libc_n.a(lib_a-snprintf.o)
                0x08003d30                sniprintf
                0x08003d30                snprintf
 .text.__ssputs_r
                0x08003d94       0xc0 c:/program files (x86)/emblocks/2.30/share/em_armgcc/bin/../lib/gcc/arm-none-eabi/4.7.3/../../../../arm-none-eabi/lib/armv7e-m\libc_n.a(lib_a-svfprintf.o)
                0x08003d94                __ssputs_r
 .text._svfprintf_r
                0x08003e54      0x1f0 c:/program files (x86)/emblocks/2.30/share/em_armgcc/bin/../lib/gcc/arm-none-eabi/4.7.3/../../../../arm-none-eabi/lib/armv7e-m\libc_n.a(lib_a-svfprintf.o)
                0x08003e54                _svfiprintf_r
                0x08003e54                _svfprintf_r
 .text._printf_common
                0x08004044       0xe4 c:/program files (x86)/emblocks/2.30/share/em_armgcc/bin/../lib/gcc/arm-none-eabi/4.7.3/../../../../arm-none-eabi/lib/armv7e-m\libc_n.a(lib_a-vfprintf_i.o)
                0x08004044                _printf_common
 .text._printf_i
                0x08004128      0x24c c:/program files (x86)/emblocks/2.30/share/em_armgcc/bin/../lib/gcc/arm-none-eabi/4.7.3/../../../../arm-none-eabi/lib/armv7e-m\libc_n.a(lib_a-vfprintf_i.o)
                0x08004128                _printf_i
 .text.memchr   0x08004374       0x1c c:/program files (x86)/emblocks/2.30/share/em_armgcc/bin/../lib/gcc/arm-none-eabi/4.7.3/../../../../arm-none-eabi/lib/armv7e-m\libc_n.a(lib_a-memchr-stub.o)
                0x08004374                memchr
 .text.memcpy   0x08004390       0x12 c:/program files (x86)/emblocks/2.30/share/em_armgcc/bin/../lib/gcc/arm-none-eabi/4.7.3/../../../../arm-none-eabi/lib/armv7e-m\libc_n.a(lib_a-memcpy-stub.o)
                0x08004390                memcpy
 .text.memmove  0x080043a2       0x32 c:/program files (x86)/emblocks/2.30/share/em_armgcc/bin/../lib/gcc/arm-none-eabi/4.7.3/../../../../arm-none-eabi/lib/armv7e-m\libc_n.a(lib_a-memmove.o)
                0x080043a2                memmove
 .text._free_r  0x080043d4       0x84 c:/program files (x86)/emblocks/2.30/share/em_armgcc/bin/../lib/gcc/arm-none-eabi/4.7.3/../../../../arm-none-eabi/lib/armv7e-m\libc_n.a(lib_a-nano-freer.o)
                0x080043d4                _free_r
 .text._malloc_r
                0x08004458       0xb4 c:/program files (x86)/emblocks/2.30/share/em_armgcc/bin/../lib/gcc/arm-none-eabi/4.7.3/../../../../arm-none-eabi/lib/armv7e-m\libc_n.a(lib_a-nano-mallocr.o)
                0x08004458                _malloc_r
 .text._realloc_r
                0x0800450c       0x48 c:/program files (x86)/emblocks/2.30/share/em_armgcc/bin/../lib/gcc/arm-none-eabi/4.7.3/../../../../arm-none-eabi/lib/armv7e-m\libc_n.a(lib_a-nano-reallocr.o)
                0x0800450c                _realloc_r
 .text._sbrk_r  0x08004554       0x20 c:/program files (x86)/emblocks/2.30/share/em_armgcc/bin/../lib/gcc/arm-none-eabi/4.7.3/../../../../arm-none-eabi/lib/armv7e-m\libc_n.a(lib_a-sbrkr.o)
                0x08004554                _sbrk_r
 .text.strlen   0x08004574       0x10 c:/program files (x86)/emblocks/2.30/share/em_armgcc/bin/../lib/gcc/arm-none-eabi/4.7.3/../../../../arm-none-eabi/lib/armv7e-m\libc_n.a(lib_a-strlen.o)
                0x08004574                strlen
 .text._malloc_usable_size_r
                0x08004584       0x12 c:/program files (x86)/emblocks/2.30/share/em_armgcc/bin/../lib/gcc/arm-none-eabi/4.7.3/../../../../arm-none-eabi/lib/armv7e-m\libc_n.a(lib_a-nano-msizer.o)
                0x08004584                _malloc_usable_size_r
 *fill*         0x08004596        0x2 
 .text._sbrk    0x08004598       0x34 c:/program files (x86)/emblocks/2.30/share/em_armgcc/bin/../lib/gcc/arm-none-eabi/4.7.3/../../../../arm-none-eabi/lib/armv7e-m\libnosys.a(sbrk.o)
                0x08004598                _sbrk
 .text._exit    0x080045cc        0x4 c:/program files (x86)/emblocks/2.30/share/em_armgcc/bin/../lib/gcc/arm-none-eabi/4.7.3/../../../../arm-none-eabi/lib/armv7e-m\libnosys.a(_exit.o)
                0x080045cc                _exit
 *(.init)
 .init          0x080045d0        0x4 c:/program files (x86)/emblocks/2.30/share/em_armgcc/bin/../lib/gcc/arm-none-eabi/4.7.3/armv7e-m/crti.o
                0x080045d0                _init
 .init          0x080045d4        0x8 c:/program files (x86)/emblocks/2.30/share/em_armgcc/bin/../lib/gcc/arm-none-eabi/4.7.3/armv7e-m/crtn.o
 *(.fini)
 .fini          0x080045dc        0x4 c:/program files (x86)/emblocks/2.30/share/em_armgcc/bin/../lib/gcc/arm-none-eabi/4.7.3/armv7e-m/crti.o
                0x080045dc                _fini
 .fini          0x080045e0        0x8 c:/program files (x86)/emblocks/2.30/share/em_armgcc/bin/../lib/gcc/arm-none-eabi/4.7.3/armv7e-m/crtn.o
 *crtbegin.o(.ctors)
 *crtbegin?.o(.ctors)
 *(EXCLUDE_FILE(*crtend.o *crtend?.o) .ctors)
 *(SORT(.ctors.*))
 *(.ctors)
 *crtbegin.o(.dtors)
 *crtbegin?.o(.dtors)
 *(EXCLUDE_FILE(*crtend.o *crtend?.o) .dtors)
 *(SORT(.dtors.*))
 *(.dtors)
 *(.rodata*)
 .rodata        0x080045e8      0x154 obj\debug\src\main.o
 .rodata.str1.1
                0x0800473c        0x2 c:/program files (x86)/emblocks/2.30/share/em_armgcc/bin/../lib/gcc/arm-none-eabi/4.7.3/../../../../arm-none-eabi/lib/armv7e-m\libc_n.a(lib_a-impure.o)
 *fill*         0x0800473e        0x2 
 .rodata._global_impure_ptr
                0x08004740        0x4 c:/program files (x86)/emblocks/2.30/share/em_armgcc/bin/../lib/gcc/arm-none-eabi/4.7.3/../../../../arm-none-eabi/lib/armv7e-m\libc_n.a(lib_a-impure.o)
                0x08004740                _global_impure_ptr
 .rodata.str1.1
                0x08004744       0x11 c:/program files (x86)/emblocks/2.30/share/em_armgcc/bin/../lib/gcc/arm-none-eabi/4.7.3/../../../../arm-none-eabi/lib/armv7e-m\libc_n.a(lib_a-svfprintf.o)
 .rodata.str1.1
                0x08004755       0x22 c:/program files (x86)/emblocks/2.30/share/em_armgcc/bin/../lib/gcc/arm-none-eabi/4.7.3/../../../../arm-none-eabi/lib/armv7e-m\libc_n.a(lib_a-vfprintf_i.o)
 *(.eh_frame*)
 *fill*         0x08004777        0x1 
 .eh_frame      0x08004778        0x0 c:/program files (x86)/emblocks/2.30/share/em_armgcc/bin/../lib/gcc/arm-none-eabi/4.7.3/armv7e-m/crtbegin.o
 .eh_frame      0x08004778        0x4 c:/program files (x86)/emblocks/2.30/share/em_armgcc/bin/../lib/gcc/arm-none-eabi/4.7.3/armv7e-m/crtend.o

.glue_7         0x0800477c        0x0
 .glue_7        0x00000000        0x0 linker stubs

.glue_7t        0x0800477c        0x0
 .glue_7t       0x00000000        0x0 linker stubs

.vfp11_veneer   0x0800477c        0x0
 .vfp11_veneer  0x00000000        0x0 linker stubs

.v4_bx          0x0800477c        0x0
 .v4_bx         0x00000000        0x0 linker stubs

.iplt           0x0800477c        0x0
 .iplt          0x00000000        0x0 c:/program files (x86)/emblocks/2.30/share/em_armgcc/bin/../lib/gcc/arm-none-eabi/4.7.3/armv7e-m/crtbegin.o

.ARM.extab
 *(.ARM.extab* .gnu.linkonce.armextab.*)
                0x0800477c                __exidx_start = .

.ARM.exidx      0x0800477c        0x8
 *(.ARM.exidx* .gnu.linkonce.armexidx.*)
 .ARM.exidx     0x0800477c        0x8 c:/program files (x86)/emblocks/2.30/share/em_armgcc/bin/../lib/gcc/arm-none-eabi/4.7.3/../../../../arm-none-eabi/lib/armv7e-m/crt0.o
                0x08004784                __exidx_end = .
                0x08004784                __etext = .

.rel.dyn        0x08004784        0x0
 .rel.iplt      0x00000000        0x0 c:/program files (x86)/emblocks/2.30/share/em_armgcc/bin/../lib/gcc/arm-none-eabi/4.7.3/armv7e-m/crtbegin.o

.data           0x20000000      0x19c load address 0x08004784
                0x20000000                __data_start__ = .
 *(vtable)
 *(.data*)
 .data.APBAHBPrescTable
                0x20000000       0x10 obj\debug\spl\src\stm32f37x_rcc.o
 .data.ADCPrescTable
                0x20000010        0x4 obj\debug\spl\src\stm32f37x_rcc.o
 .data.SDADCPrescTable
                0x20000014       0x10 obj\debug\spl\src\stm32f37x_rcc.o
 .data.actualGPIO
                0x20000024        0x4 obj\debug\src\ds18b20.o
 .data.actual_pin
                0x20000028        0x2 obj\debug\src\ds18b20.o
 *fill*         0x2000002a        0x2 
 .data.VirtAddVarTab
                0x2000002c       0x10 obj\debug\src\main.o
                0x2000002c                VirtAddVarTab
 .data.menue_points
                0x2000003c       0xf0 obj\debug\src\main.o
                0x2000003c                menue_points
 .data.counter.7981
                0x2000012c        0x4 obj\debug\src\main.o
 .data.impure_data
                0x20000130       0x60 c:/program files (x86)/emblocks/2.30/share/em_armgcc/bin/../lib/gcc/arm-none-eabi/4.7.3/../../../../arm-none-eabi/lib/armv7e-m\libc_n.a(lib_a-impure.o)
 .data._impure_ptr
                0x20000190        0x4 c:/program files (x86)/emblocks/2.30/share/em_armgcc/bin/../lib/gcc/arm-none-eabi/4.7.3/../../../../arm-none-eabi/lib/armv7e-m\libc_n.a(lib_a-impure.o)
                0x20000190                _impure_ptr
                0x20000194                . = ALIGN (0x4)
                0x20000194                PROVIDE (__preinit_array_start, .)
 *(.preinit_array)
                0x20000194                PROVIDE (__preinit_array_end, .)
                0x20000194                . = ALIGN (0x4)
                0x20000194                PROVIDE (__init_array_start, .)
 *(SORT(.init_array.*))
 *(.init_array)
 .init_array    0x20000194        0x4 c:/program files (x86)/emblocks/2.30/share/em_armgcc/bin/../lib/gcc/arm-none-eabi/4.7.3/armv7e-m/crtbegin.o
                0x20000198                PROVIDE (__init_array_end, .)
                0x20000198                . = ALIGN (0x4)
                0x20000198                PROVIDE (__fini_array_start, .)
 *(SORT(.fini_array.*))
 *(.fini_array)
 .fini_array    0x20000198        0x4 c:/program files (x86)/emblocks/2.30/share/em_armgcc/bin/../lib/gcc/arm-none-eabi/4.7.3/armv7e-m/crtbegin.o
                0x2000019c                PROVIDE (__fini_array_end, .)
                0x2000019c                . = ALIGN (0x4)
                0x2000019c                __data_end__ = .

.jcr            0x2000019c        0x0 load address 0x08004920
 .jcr           0x2000019c        0x0 c:/program files (x86)/emblocks/2.30/share/em_armgcc/bin/../lib/gcc/arm-none-eabi/4.7.3/armv7e-m/crtbegin.o

.igot.plt       0x2000019c        0x0 load address 0x08004920
 .igot.plt      0x00000000        0x0 c:/program files (x86)/emblocks/2.30/share/em_armgcc/bin/../lib/gcc/arm-none-eabi/4.7.3/armv7e-m/crtbegin.o

.bss            0x2000019c       0x40 load address 0x08004920
                0x2000019c                __bss_start__ = .
 *(.bss*)
 .bss           0x2000019c       0x1c c:/program files (x86)/emblocks/2.30/share/em_armgcc/bin/../lib/gcc/arm-none-eabi/4.7.3/armv7e-m/crtbegin.o
 .bss.btn_pressed
                0x200001b8        0x4 obj\debug\src\button.o
 .bss.ow_akt_delay
                0x200001bc        0x4 obj\debug\src\ds18b20.o
 .bss.DataVar   0x200001c0        0x2 obj\debug\src\eeprom.o
                0x200001c0                DataVar
 *fill*         0x200001c2        0x2 
 .bss.flags     0x200001c4        0x4 obj\debug\src\main.o
                0x200001c4                flags
 .bss.lcd_timeout
                0x200001c8        0x4 obj\debug\src\main.o
                0x200001c8                lcd_timeout
 .bss.__malloc_sbrk_start
                0x200001cc        0x4 c:/program files (x86)/emblocks/2.30/share/em_armgcc/bin/../lib/gcc/arm-none-eabi/4.7.3/../../../../arm-none-eabi/lib/armv7e-m\libc_n.a(lib_a-nano-mallocr.o)
                0x200001cc                __malloc_sbrk_start
 .bss.__malloc_free_list
                0x200001d0        0x4 c:/program files (x86)/emblocks/2.30/share/em_armgcc/bin/../lib/gcc/arm-none-eabi/4.7.3/../../../../arm-none-eabi/lib/armv7e-m\libc_n.a(lib_a-nano-mallocr.o)
                0x200001d0                __malloc_free_list
 .bss.heap_end.4240
                0x200001d4        0x4 c:/program files (x86)/emblocks/2.30/share/em_armgcc/bin/../lib/gcc/arm-none-eabi/4.7.3/../../../../arm-none-eabi/lib/armv7e-m\libnosys.a(sbrk.o)
 *(COMMON)
 COMMON         0x200001d8        0x4 c:/program files (x86)/emblocks/2.30/share/em_armgcc/bin/../lib/gcc/arm-none-eabi/4.7.3/../../../../arm-none-eabi/lib/armv7e-m\libc_n.a(lib_a-reent.o)
                0x200001d8                errno
                0x200001dc                __bss_end__ = .

.heap           0x200001e0        0x0
                0x200001e0                __end__ = .
                0x200001e0                end = __end__
 *(.heap*)
 .heap          0x200001e0        0x0 obj\debug\src\startup_stm32f37x.o
                0x200001e0                __HeapLimit = .

.stack_dummy    0x200001e0      0x100
 *(.stack)
 .stack         0x200001e0      0x100 obj\debug\src\startup_stm32f37x.o
                0x20006000                __StackTop = (ORIGIN (RAM) + 0x6000)
                0x20005f00                __StackLimit = (__StackTop - SIZEOF (.stack_dummy))
                0x20006000                PROVIDE (__stack, __StackTop)
                0x00000001                ASSERT ((__StackLimit >= __HeapLimit), region RAM overflowed with stack)
LOAD obj\debug\spl\src\stm32f37x_adc.o
LOAD obj\debug\spl\src\stm32f37x_can.o
LOAD obj\debug\spl\src\stm32f37x_cec.o
LOAD obj\debug\spl\src\stm32f37x_comp.o
LOAD obj\debug\spl\src\stm32f37x_crc.o
LOAD obj\debug\spl\src\stm32f37x_dac.o
LOAD obj\debug\spl\src\stm32f37x_dbgmcu.o
LOAD obj\debug\spl\src\stm32f37x_dma.o
LOAD obj\debug\spl\src\stm32f37x_exti.o
LOAD obj\debug\spl\src\stm32f37x_flash.o
LOAD obj\debug\spl\src\stm32f37x_gpio.o
LOAD obj\debug\spl\src\stm32f37x_i2c.o
LOAD obj\debug\spl\src\stm32f37x_iwdg.o
LOAD obj\debug\spl\src\stm32f37x_misc.o
LOAD obj\debug\spl\src\stm32f37x_pwr.o
LOAD obj\debug\spl\src\stm32f37x_rcc.o
LOAD obj\debug\spl\src\stm32f37x_rtc.o
LOAD obj\debug\spl\src\stm32f37x_sdadc.o
LOAD obj\debug\spl\src\stm32f37x_spi.o
LOAD obj\debug\spl\src\stm32f37x_syscfg.o
LOAD obj\debug\spl\src\stm32f37x_tim.o
LOAD obj\debug\spl\src\stm32f37x_usart.o
LOAD obj\debug\spl\src\stm32f37x_wwdg.o
LOAD obj\debug\src\button.o
LOAD obj\debug\src\ds18b20.o
LOAD obj\debug\src\hd44780.o
LOAD obj\debug\src\can.o
LOAD obj\debug\src\eeprom.o
LOAD obj\debug\src\encoder.o
LOAD obj\debug\src\main.o
LOAD obj\debug\src\startup_stm32f37x.o
LOAD obj\debug\src\system_stm32f37x.o
START GROUP
LOAD c:/program files (x86)/emblocks/2.30/share/em_armgcc/bin/../lib/gcc/arm-none-eabi/4.7.3/armv7e-m\libgcc.a
LOAD c:/program files (x86)/emblocks/2.30/share/em_armgcc/bin/../lib/gcc/arm-none-eabi/4.7.3/../../../../arm-none-eabi/lib/armv7e-m\libc_n.a
LOAD c:/program files (x86)/emblocks/2.30/share/em_armgcc/bin/../lib/gcc/arm-none-eabi/4.7.3/../../../../arm-none-eabi/lib/armv7e-m\libg_n.a
LOAD c:/program files (x86)/emblocks/2.30/share/em_armgcc/bin/../lib/gcc/arm-none-eabi/4.7.3/../../../../arm-none-eabi/lib/armv7e-m\libnosys.a
END GROUP
LOAD c:/program files (x86)/emblocks/2.30/share/em_armgcc/bin/../lib/gcc/arm-none-eabi/4.7.3/armv7e-m/crtend.o
LOAD c:/program files (x86)/emblocks/2.30/share/em_armgcc/bin/../lib/gcc/arm-none-eabi/4.7.3/armv7e-m/crtn.o
OUTPUT(bin\Debug\Solarsteuerung.elf elf32-littlearm)

.ARM.attributes
                0x00000000       0x2a
 .ARM.attributes
                0x00000000       0x1e c:/program files (x86)/emblocks/2.30/share/em_armgcc/bin/../lib/gcc/arm-none-eabi/4.7.3/armv7e-m/crti.o
 .ARM.attributes
                0x0000001e       0x2e c:/program files (x86)/emblocks/2.30/share/em_armgcc/bin/../lib/gcc/arm-none-eabi/4.7.3/armv7e-m/crtbegin.o
 .ARM.attributes
                0x0000004c       0x1c c:/program files (x86)/emblocks/2.30/share/em_armgcc/bin/../lib/gcc/arm-none-eabi/4.7.3/../../../../arm-none-eabi/lib/armv7e-m/crt0.o
 .ARM.attributes
                0x00000068       0x33 obj\debug\spl\src\stm32f37x_can.o
 .ARM.attributes
                0x0000009b       0x33 obj\debug\spl\src\stm32f37x_exti.o
 .ARM.attributes
                0x000000ce       0x33 obj\debug\spl\src\stm32f37x_flash.o
 .ARM.attributes
                0x00000101       0x33 obj\debug\spl\src\stm32f37x_gpio.o
 .ARM.attributes
                0x00000134       0x33 obj\debug\spl\src\stm32f37x_misc.o
 .ARM.attributes
                0x00000167       0x33 obj\debug\spl\src\stm32f37x_rcc.o
 .ARM.attributes
                0x0000019a       0x33 obj\debug\spl\src\stm32f37x_syscfg.o
 .ARM.attributes
                0x000001cd       0x33 obj\debug\spl\src\stm32f37x_tim.o
 .ARM.attributes
                0x00000200       0x33 obj\debug\src\button.o
 .ARM.attributes
                0x00000233       0x33 obj\debug\src\ds18b20.o
 .ARM.attributes
                0x00000266       0x33 obj\debug\src\hd44780.o
 .ARM.attributes
                0x00000299       0x33 obj\debug\src\can.o
 .ARM.attributes
                0x000002cc       0x33 obj\debug\src\eeprom.o
 .ARM.attributes
                0x000002ff       0x33 obj\debug\src\encoder.o
 .ARM.attributes
                0x00000332       0x33 obj\debug\src\main.o
 .ARM.attributes
                0x00000365       0x1b obj\debug\src\startup_stm32f37x.o
 .ARM.attributes
                0x00000380       0x33 obj\debug\src\system_stm32f37x.o
 .ARM.attributes
                0x000003b3       0x2e c:/program files (x86)/emblocks/2.30/share/em_armgcc/bin/../lib/gcc/arm-none-eabi/4.7.3/../../../../arm-none-eabi/lib/armv7e-m\libc_n.a(lib_a-exit.o)
 .ARM.attributes
                0x000003e1       0x2e c:/program files (x86)/emblocks/2.30/share/em_armgcc/bin/../lib/gcc/arm-none-eabi/4.7.3/../../../../arm-none-eabi/lib/armv7e-m\libc_n.a(lib_a-impure.o)
 .ARM.attributes
                0x0000040f       0x2e c:/program files (x86)/emblocks/2.30/share/em_armgcc/bin/../lib/gcc/arm-none-eabi/4.7.3/../../../../arm-none-eabi/lib/armv7e-m\libc_n.a(lib_a-init.o)
 .ARM.attributes
                0x0000043d       0x2e c:/program files (x86)/emblocks/2.30/share/em_armgcc/bin/../lib/gcc/arm-none-eabi/4.7.3/../../../../arm-none-eabi/lib/armv7e-m\libc_n.a(lib_a-memset.o)
 .ARM.attributes
                0x0000046b       0x2e c:/program files (x86)/emblocks/2.30/share/em_armgcc/bin/../lib/gcc/arm-none-eabi/4.7.3/../../../../arm-none-eabi/lib/armv7e-m\libc_n.a(lib_a-snprintf.o)
 .ARM.attributes
                0x00000499       0x2e c:/program files (x86)/emblocks/2.30/share/em_armgcc/bin/../lib/gcc/arm-none-eabi/4.7.3/../../../../arm-none-eabi/lib/armv7e-m\libc_n.a(lib_a-svfprintf.o)
 .ARM.attributes
                0x000004c7       0x2e c:/program files (x86)/emblocks/2.30/share/em_armgcc/bin/../lib/gcc/arm-none-eabi/4.7.3/../../../../arm-none-eabi/lib/armv7e-m\libc_n.a(lib_a-vfprintf_i.o)
 .ARM.attributes
                0x000004f5       0x2e c:/program files (x86)/emblocks/2.30/share/em_armgcc/bin/../lib/gcc/arm-none-eabi/4.7.3/../../../../arm-none-eabi/lib/armv7e-m\libc_n.a(lib_a-memchr-stub.o)
 .ARM.attributes
                0x00000523       0x2e c:/program files (x86)/emblocks/2.30/share/em_armgcc/bin/../lib/gcc/arm-none-eabi/4.7.3/../../../../arm-none-eabi/lib/armv7e-m\libc_n.a(lib_a-memcpy-stub.o)
 .ARM.attributes
                0x00000551       0x2e c:/program files (x86)/emblocks/2.30/share/em_armgcc/bin/../lib/gcc/arm-none-eabi/4.7.3/../../../../arm-none-eabi/lib/armv7e-m\libc_n.a(lib_a-memmove.o)
 .ARM.attributes
                0x0000057f       0x2e c:/program files (x86)/emblocks/2.30/share/em_armgcc/bin/../lib/gcc/arm-none-eabi/4.7.3/../../../../arm-none-eabi/lib/armv7e-m\libc_n.a(lib_a-nano-freer.o)
 .ARM.attributes
                0x000005ad       0x2e c:/program files (x86)/emblocks/2.30/share/em_armgcc/bin/../lib/gcc/arm-none-eabi/4.7.3/../../../../arm-none-eabi/lib/armv7e-m\libc_n.a(lib_a-nano-mallocr.o)
 .ARM.attributes
                0x000005db       0x2e c:/program files (x86)/emblocks/2.30/share/em_armgcc/bin/../lib/gcc/arm-none-eabi/4.7.3/../../../../arm-none-eabi/lib/armv7e-m\libc_n.a(lib_a-nano-reallocr.o)
 .ARM.attributes
                0x00000609       0x2e c:/program files (x86)/emblocks/2.30/share/em_armgcc/bin/../lib/gcc/arm-none-eabi/4.7.3/../../../../arm-none-eabi/lib/armv7e-m\libc_n.a(lib_a-sbrkr.o)
 .ARM.attributes
                0x00000637       0x2e c:/program files (x86)/emblocks/2.30/share/em_armgcc/bin/../lib/gcc/arm-none-eabi/4.7.3/../../../../arm-none-eabi/lib/armv7e-m\libc_n.a(lib_a-strlen.o)
 .ARM.attributes
                0x00000665       0x2e c:/program files (x86)/emblocks/2.30/share/em_armgcc/bin/../lib/gcc/arm-none-eabi/4.7.3/../../../../arm-none-eabi/lib/armv7e-m\libc_n.a(lib_a-nano-msizer.o)
 .ARM.attributes
                0x00000693       0x2e c:/program files (x86)/emblocks/2.30/share/em_armgcc/bin/../lib/gcc/arm-none-eabi/4.7.3/../../../../arm-none-eabi/lib/armv7e-m\libc_n.a(lib_a-reent.o)
 .ARM.attributes
                0x000006c1       0x2e c:/program files (x86)/emblocks/2.30/share/em_armgcc/bin/../lib/gcc/arm-none-eabi/4.7.3/../../../../arm-none-eabi/lib/armv7e-m\libnosys.a(sbrk.o)
 .ARM.attributes
                0x000006ef       0x2e c:/program files (x86)/emblocks/2.30/share/em_armgcc/bin/../lib/gcc/arm-none-eabi/4.7.3/../../../../arm-none-eabi/lib/armv7e-m\libnosys.a(_exit.o)
 .ARM.attributes
                0x0000071d       0x2e c:/program files (x86)/emblocks/2.30/share/em_armgcc/bin/../lib/gcc/arm-none-eabi/4.7.3/armv7e-m/crtend.o
 .ARM.attributes
                0x0000074b       0x1e c:/program files (x86)/emblocks/2.30/share/em_armgcc/bin/../lib/gcc/arm-none-eabi/4.7.3/armv7e-m/crtn.o

.comment        0x00000000       0x38
 .comment       0x00000000       0x38 obj\debug\spl\src\stm32f37x_can.o
                                 0x39 (size before relaxing)
 .comment       0x00000000       0x39 obj\debug\spl\src\stm32f37x_exti.o
 .comment       0x00000000       0x39 obj\debug\spl\src\stm32f37x_flash.o
 .comment       0x00000000       0x39 obj\debug\spl\src\stm32f37x_gpio.o
 .comment       0x00000000       0x39 obj\debug\spl\src\stm32f37x_misc.o
 .comment       0x00000000       0x39 obj\debug\spl\src\stm32f37x_rcc.o
 .comment       0x00000000       0x39 obj\debug\spl\src\stm32f37x_syscfg.o
 .comment       0x00000000       0x39 obj\debug\spl\src\stm32f37x_tim.o
 .comment       0x00000000       0x39 obj\debug\src\button.o
 .comment       0x00000000       0x39 obj\debug\src\ds18b20.o
 .comment       0x00000000       0x39 obj\debug\src\hd44780.o
 .comment       0x00000000       0x39 obj\debug\src\can.o
 .comment       0x00000000       0x39 obj\debug\src\eeprom.o
 .comment       0x00000000       0x39 obj\debug\src\encoder.o
 .comment       0x00000000       0x39 obj\debug\src\main.o
 .comment       0x00000000       0x39 obj\debug\src\system_stm32f37x.o

.debug_info     0x00000000     0x9a3c
 .debug_info    0x00000000      0xca8 obj\debug\spl\src\stm32f37x_can.o
 .debug_info    0x00000ca8      0x393 obj\debug\spl\src\stm32f37x_exti.o
 .debug_info    0x0000103b      0x8e8 obj\debug\spl\src\stm32f37x_flash.o
 .debug_info    0x00001923      0x66f obj\debug\spl\src\stm32f37x_gpio.o
 .debug_info    0x00001f92      0x5bb obj\debug\spl\src\stm32f37x_misc.o
 .debug_info    0x0000254d      0xb5b obj\debug\spl\src\stm32f37x_rcc.o
 .debug_info    0x000030a8      0x37b obj\debug\spl\src\stm32f37x_syscfg.o
 .debug_info    0x00003423     0x1e59 obj\debug\spl\src\stm32f37x_tim.o
 .debug_info    0x0000527c      0x8e1 obj\debug\src\button.o
 .debug_info    0x00005b5d      0xd46 obj\debug\src\ds18b20.o
 .debug_info    0x000068a3      0x4a7 obj\debug\src\hd44780.o
 .debug_info    0x00006d4a      0xacd obj\debug\src\can.o
 .debug_info    0x00007817      0x451 obj\debug\src\eeprom.o
 .debug_info    0x00007c68      0x7a1 obj\debug\src\encoder.o
 .debug_info    0x00008409     0x1094 obj\debug\src\main.o
 .debug_info    0x0000949d       0x8d obj\debug\src\startup_stm32f37x.o
 .debug_info    0x0000952a      0x512 obj\debug\src\system_stm32f37x.o

.debug_abbrev   0x00000000     0x197f
 .debug_abbrev  0x00000000      0x1dc obj\debug\spl\src\stm32f37x_can.o
 .debug_abbrev  0x000001dc      0x1ac obj\debug\spl\src\stm32f37x_exti.o
 .debug_abbrev  0x00000388      0x1b9 obj\debug\spl\src\stm32f37x_flash.o
 .debug_abbrev  0x00000541      0x19b obj\debug\spl\src\stm32f37x_gpio.o
 .debug_abbrev  0x000006dc      0x12e obj\debug\spl\src\stm32f37x_misc.o
 .debug_abbrev  0x0000080a      0x1ea obj\debug\spl\src\stm32f37x_rcc.o
 .debug_abbrev  0x000009f4      0x161 obj\debug\spl\src\stm32f37x_syscfg.o
 .debug_abbrev  0x00000b55      0x18e obj\debug\spl\src\stm32f37x_tim.o
 .debug_abbrev  0x00000ce3      0x15d obj\debug\src\button.o
 .debug_abbrev  0x00000e40      0x22f obj\debug\src\ds18b20.o
 .debug_abbrev  0x0000106f      0x193 obj\debug\src\hd44780.o
 .debug_abbrev  0x00001202      0x188 obj\debug\src\can.o
 .debug_abbrev  0x0000138a      0x14f obj\debug\src\eeprom.o
 .debug_abbrev  0x000014d9      0x132 obj\debug\src\encoder.o
 .debug_abbrev  0x0000160b      0x223 obj\debug\src\main.o
 .debug_abbrev  0x0000182e       0x14 obj\debug\src\startup_stm32f37x.o
 .debug_abbrev  0x00001842      0x13d obj\debug\src\system_stm32f37x.o

.debug_loc      0x00000000     0x3bf4
 .debug_loc     0x00000000      0x578 obj\debug\spl\src\stm32f37x_can.o
 .debug_loc     0x00000578      0x1b4 obj\debug\spl\src\stm32f37x_exti.o
 .debug_loc     0x0000072c      0x63c obj\debug\spl\src\stm32f37x_flash.o
 .debug_loc     0x00000d68      0x2d8 obj\debug\spl\src\stm32f37x_gpio.o
 .debug_loc     0x00001040      0x118 obj\debug\spl\src\stm32f37x_misc.o
 .debug_loc     0x00001158      0x864 obj\debug\spl\src\stm32f37x_rcc.o
 .debug_loc     0x000019bc      0x224 obj\debug\spl\src\stm32f37x_syscfg.o
 .debug_loc     0x00001be0     0x13e8 obj\debug\spl\src\stm32f37x_tim.o
 .debug_loc     0x00002fc8      0x14c obj\debug\src\button.o
 .debug_loc     0x00003114      0x3b6 obj\debug\src\ds18b20.o
 .debug_loc     0x000034ca      0x1c0 obj\debug\src\hd44780.o
 .debug_loc     0x0000368a       0xa8 obj\debug\src\can.o
 .debug_loc     0x00003732      0x188 obj\debug\src\eeprom.o
 .debug_loc     0x000038ba       0x64 obj\debug\src\encoder.o
 .debug_loc     0x0000391e      0x23a obj\debug\src\main.o
 .debug_loc     0x00003b58       0x9c obj\debug\src\system_stm32f37x.o

.debug_aranges  0x00000000      0xa60
 .debug_aranges
                0x00000000       0xe0 obj\debug\spl\src\stm32f37x_can.o
 .debug_aranges
                0x000000e0       0x58 obj\debug\spl\src\stm32f37x_exti.o
 .debug_aranges
                0x00000138      0x108 obj\debug\spl\src\stm32f37x_flash.o
 .debug_aranges
                0x00000240       0x80 obj\debug\spl\src\stm32f37x_gpio.o
 .debug_aranges
                0x000002c0       0x40 obj\debug\spl\src\stm32f37x_misc.o
 .debug_aranges
                0x00000300      0x150 obj\debug\spl\src\stm32f37x_rcc.o
 .debug_aranges
                0x00000450       0x68 obj\debug\spl\src\stm32f37x_syscfg.o
 .debug_aranges
                0x000004b8      0x2f0 obj\debug\spl\src\stm32f37x_tim.o
 .debug_aranges
                0x000007a8       0x50 obj\debug\src\button.o
 .debug_aranges
                0x000007f8       0xa8 obj\debug\src\ds18b20.o
 .debug_aranges
                0x000008a0       0x58 obj\debug\src\hd44780.o
 .debug_aranges
                0x000008f8       0x30 obj\debug\src\can.o
 .debug_aranges
                0x00000928       0x50 obj\debug\src\eeprom.o
 .debug_aranges
                0x00000978       0x28 obj\debug\src\encoder.o
 .debug_aranges
                0x000009a0       0x70 obj\debug\src\main.o
 .debug_aranges
                0x00000a10       0x20 obj\debug\src\startup_stm32f37x.o
 .debug_aranges
                0x00000a30       0x30 obj\debug\src\system_stm32f37x.o

.debug_ranges   0x00000000      0x940
 .debug_ranges  0x00000000       0xd0 obj\debug\spl\src\stm32f37x_can.o
 .debug_ranges  0x000000d0       0x48 obj\debug\spl\src\stm32f37x_exti.o
 .debug_ranges  0x00000118       0xf8 obj\debug\spl\src\stm32f37x_flash.o
 .debug_ranges  0x00000210       0x70 obj\debug\spl\src\stm32f37x_gpio.o
 .debug_ranges  0x00000280       0x30 obj\debug\spl\src\stm32f37x_misc.o
 .debug_ranges  0x000002b0      0x140 obj\debug\spl\src\stm32f37x_rcc.o
 .debug_ranges  0x000003f0       0x58 obj\debug\spl\src\stm32f37x_syscfg.o
 .debug_ranges  0x00000448      0x2e0 obj\debug\spl\src\stm32f37x_tim.o
 .debug_ranges  0x00000728       0x40 obj\debug\src\button.o
 .debug_ranges  0x00000768       0x98 obj\debug\src\ds18b20.o
 .debug_ranges  0x00000800       0x48 obj\debug\src\hd44780.o
 .debug_ranges  0x00000848       0x20 obj\debug\src\can.o
 .debug_ranges  0x00000868       0x40 obj\debug\src\eeprom.o
 .debug_ranges  0x000008a8       0x18 obj\debug\src\encoder.o
 .debug_ranges  0x000008c0       0x60 obj\debug\src\main.o
 .debug_ranges  0x00000920       0x20 obj\debug\src\system_stm32f37x.o

.debug_macro    0x00000000     0x3dfd
 .debug_macro   0x00000000      0x1d7 obj\debug\spl\src\stm32f37x_can.o
 .debug_macro   0x000001d7      0x189 obj\debug\spl\src\stm32f37x_exti.o
 .debug_macro   0x00000360       0xd6 obj\debug\spl\src\stm32f37x_exti.o
 .debug_macro   0x00000436      0x183 obj\debug\spl\src\stm32f37x_flash.o
 .debug_macro   0x000005b9      0x328 obj\debug\spl\src\stm32f37x_flash.o
 .debug_macro   0x000008e1      0x183 obj\debug\spl\src\stm32f37x_gpio.o
 .debug_macro   0x00000a64      0x1a9 obj\debug\spl\src\stm32f37x_gpio.o
 .debug_macro   0x00000c0d      0x189 obj\debug\spl\src\stm32f37x_misc.o
 .debug_macro   0x00000d96       0x82 obj\debug\spl\src\stm32f37x_misc.o
 .debug_macro   0x00000e18      0x213 obj\debug\spl\src\stm32f37x_rcc.o
 .debug_macro   0x0000102b      0x56c obj\debug\spl\src\stm32f37x_rcc.o
 .debug_macro   0x00001597      0x189 obj\debug\spl\src\stm32f37x_syscfg.o
 .debug_macro   0x00001720      0x162 obj\debug\spl\src\stm32f37x_syscfg.o
 .debug_macro   0x00001882      0x19f obj\debug\spl\src\stm32f37x_tim.o
 .debug_macro   0x00001a21      0x74a obj\debug\spl\src\stm32f37x_tim.o
 .debug_macro   0x0000216b      0x19b obj\debug\src\button.o
 .debug_macro   0x00002306      0x17d obj\debug\src\ds18b20.o
 .debug_macro   0x00002483      0x183 obj\debug\src\hd44780.o
 .debug_macro   0x00002606      0x183 obj\debug\src\can.o
 .debug_macro   0x00002789      0x188 obj\debug\src\eeprom.o
 .debug_macro   0x00002911       0x64 obj\debug\src\eeprom.o
 .debug_macro   0x00002975      0x17d obj\debug\src\encoder.o
 .debug_macro   0x00002af2      0x318 obj\debug\src\main.o
 .debug_macro   0x00002e0a       0x58 obj\debug\src\main.o
 .debug_macro   0x00002e62       0x35 obj\debug\src\main.o
 .debug_macro   0x00002e97       0xa3 obj\debug\src\main.o
 .debug_macro   0x00002f3a       0x16 obj\debug\src\main.o
 .debug_macro   0x00002f50       0x97 obj\debug\src\main.o
 .debug_macro   0x00002fe7       0x10 obj\debug\src\main.o
 .debug_macro   0x00002ff7       0xf5 obj\debug\src\main.o
 .debug_macro   0x000030ec       0x4a obj\debug\src\main.o
 .debug_macro   0x00003136       0x52 obj\debug\src\main.o
 .debug_macro   0x00003188       0x16 obj\debug\src\main.o
 .debug_macro   0x0000319e       0x43 obj\debug\src\main.o
 .debug_macro   0x000031e1      0x180 obj\debug\src\main.o
 .debug_macro   0x00003361       0x10 obj\debug\src\main.o
 .debug_macro   0x00003371       0x22 obj\debug\src\main.o
 .debug_macro   0x00003393       0xbd obj\debug\src\main.o
 .debug_macro   0x00003450       0x16 obj\debug\src\main.o
 .debug_macro   0x00003466      0x14a obj\debug\src\main.o
 .debug_macro   0x000035b0      0x20f obj\debug\src\main.o
 .debug_macro   0x000037bf       0x35 obj\debug\src\main.o
 .debug_macro   0x000037f4      0x452 obj\debug\src\main.o
 .debug_macro   0x00003c46       0x16 obj\debug\src\main.o
 .debug_macro   0x00003c5c       0x22 obj\debug\src\main.o
 .debug_macro   0x00003c7e      0x17f obj\debug\src\system_stm32f37x.o

.debug_line     0x00000000     0x6a43
 .debug_line    0x00000000      0x815 obj\debug\spl\src\stm32f37x_can.o
 .debug_line    0x00000815      0x561 obj\debug\spl\src\stm32f37x_exti.o
 .debug_line    0x00000d76      0x7a0 obj\debug\spl\src\stm32f37x_flash.o
 .debug_line    0x00001516      0x5e1 obj\debug\spl\src\stm32f37x_gpio.o
 .debug_line    0x00001af7      0x515 obj\debug\spl\src\stm32f37x_misc.o
 .debug_line    0x0000200c      0x817 obj\debug\spl\src\stm32f37x_rcc.o
 .debug_line    0x00002823      0x57b obj\debug\spl\src\stm32f37x_syscfg.o
 .debug_line    0x00002d9e      0xce7 obj\debug\spl\src\stm32f37x_tim.o
 .debug_line    0x00003a85      0x556 obj\debug\src\button.o
 .debug_line    0x00003fdb      0x711 obj\debug\src\ds18b20.o
 .debug_line    0x000046ec      0x597 obj\debug\src\hd44780.o
 .debug_line    0x00004c83      0x50d obj\debug\src\can.o
 .debug_line    0x00005190      0x613 obj\debug\src\eeprom.o
 .debug_line    0x000057a3      0x4e2 obj\debug\src\encoder.o
 .debug_line    0x00005c85      0x7dc obj\debug\src\main.o
 .debug_line    0x00006461       0xba obj\debug\src\startup_stm32f37x.o
 .debug_line    0x0000651b      0x528 obj\debug\src\system_stm32f37x.o

.debug_str      0x00000000    0x4e415
 .debug_str     0x00000000    0x48549 obj\debug\spl\src\stm32f37x_can.o
                              0x48722 (size before relaxing)
 .debug_str     0x00048549      0x1cb obj\debug\spl\src\stm32f37x_exti.o
                              0x48173 (size before relaxing)
 .debug_str     0x00048714      0x35e obj\debug\spl\src\stm32f37x_flash.o
                              0x483ca (size before relaxing)
 .debug_str     0x00048a72      0x291 obj\debug\spl\src\stm32f37x_gpio.o
                              0x482a1 (size before relaxing)
 .debug_str     0x00048d03      0x224 obj\debug\spl\src\stm32f37x_misc.o
                              0x481fa (size before relaxing)
 .debug_str     0x00048f27      0x991 obj\debug\spl\src\stm32f37x_rcc.o
                              0x489a9 (size before relaxing)
 .debug_str     0x000498b8      0x1c2 obj\debug\spl\src\stm32f37x_syscfg.o
                              0x4818b (size before relaxing)
 .debug_str     0x00049a7a      0xbda obj\debug\spl\src\stm32f37x_tim.o
                              0x48c45 (size before relaxing)
 .debug_str     0x0004a654      0x49e obj\debug\src\button.o
                              0x4881e (size before relaxing)
 .debug_str     0x0004aaf2      0x1fb obj\debug\src\ds18b20.o
                              0x489f3 (size before relaxing)
 .debug_str     0x0004aced       0xa6 obj\debug\src\hd44780.o
                              0x4821d (size before relaxing)
 .debug_str     0x0004ad93       0x3d obj\debug\src\can.o
                              0x48847 (size before relaxing)
 .debug_str     0x0004add0      0x3c6 obj\debug\src\eeprom.o
                              0x483da (size before relaxing)
 .debug_str     0x0004b196       0x2b obj\debug\src\encoder.o
                              0x4868f (size before relaxing)
 .debug_str     0x0004b1c1     0x31ec obj\debug\src\main.o
                              0x4bdcb (size before relaxing)
 .debug_str     0x0004e3ad       0x68 obj\debug\src\system_stm32f37x.o
                              0x4811a (size before relaxing)

.debug_frame    0x00000000     0x2414
 .debug_frame   0x00000000      0x2d4 obj\debug\spl\src\stm32f37x_can.o
 .debug_frame   0x000002d4       0xec obj\debug\spl\src\stm32f37x_exti.o
 .debug_frame   0x000003c0      0x378 obj\debug\spl\src\stm32f37x_flash.o
 .debug_frame   0x00000738      0x180 obj\debug\spl\src\stm32f37x_gpio.o
 .debug_frame   0x000008b8       0x9c obj\debug\spl\src\stm32f37x_misc.o
 .debug_frame   0x00000954      0x44c obj\debug\spl\src\stm32f37x_rcc.o
 .debug_frame   0x00000da0      0x128 obj\debug\spl\src\stm32f37x_syscfg.o
 .debug_frame   0x00000ec8      0xa20 obj\debug\spl\src\stm32f37x_tim.o
 .debug_frame   0x000018e8       0xd8 obj\debug\src\button.o
 .debug_frame   0x000019c0      0x23c obj\debug\src\ds18b20.o
 .debug_frame   0x00001bfc      0x10c obj\debug\src\hd44780.o
 .debug_frame   0x00001d08       0x70 obj\debug\src\can.o
 .debug_frame   0x00001d78       0xec obj\debug\src\eeprom.o
 .debug_frame   0x00001e64       0x4c obj\debug\src\encoder.o
 .debug_frame   0x00001eb0      0x150 obj\debug\src\main.o
 .debug_frame   0x00002000       0x64 obj\debug\src\system_stm32f37x.o
 .debug_frame   0x00002064       0x28 c:/program files (x86)/emblocks/2.30/share/em_armgcc/bin/../lib/gcc/arm-none-eabi/4.7.3/../../../../arm-none-eabi/lib/armv7e-m\libc_n.a(lib_a-exit.o)
 .debug_frame   0x0000208c       0x2c c:/program files (x86)/emblocks/2.30/share/em_armgcc/bin/../lib/gcc/arm-none-eabi/4.7.3/../../../../arm-none-eabi/lib/armv7e-m\libc_n.a(lib_a-init.o)
 .debug_frame   0x000020b8       0x20 c:/program files (x86)/emblocks/2.30/share/em_armgcc/bin/../lib/gcc/arm-none-eabi/4.7.3/../../../../arm-none-eabi/lib/armv7e-m\libc_n.a(lib_a-memset.o)
 .debug_frame   0x000020d8       0x58 c:/program files (x86)/emblocks/2.30/share/em_armgcc/bin/../lib/gcc/arm-none-eabi/4.7.3/../../../../arm-none-eabi/lib/armv7e-m\libc_n.a(lib_a-snprintf.o)
 .debug_frame   0x00002130       0x8c c:/program files (x86)/emblocks/2.30/share/em_armgcc/bin/../lib/gcc/arm-none-eabi/4.7.3/../../../../arm-none-eabi/lib/armv7e-m\libc_n.a(lib_a-svfprintf.o)
 .debug_frame   0x000021bc       0x60 c:/program files (x86)/emblocks/2.30/share/em_armgcc/bin/../lib/gcc/arm-none-eabi/4.7.3/../../../../arm-none-eabi/lib/armv7e-m\libc_n.a(lib_a-vfprintf_i.o)
 .debug_frame   0x0000221c       0x28 c:/program files (x86)/emblocks/2.30/share/em_armgcc/bin/../lib/gcc/arm-none-eabi/4.7.3/../../../../arm-none-eabi/lib/armv7e-m\libc_n.a(lib_a-memchr-stub.o)
 .debug_frame   0x00002244       0x28 c:/program files (x86)/emblocks/2.30/share/em_armgcc/bin/../lib/gcc/arm-none-eabi/4.7.3/../../../../arm-none-eabi/lib/armv7e-m\libc_n.a(lib_a-memcpy-stub.o)
 .debug_frame   0x0000226c       0x28 c:/program files (x86)/emblocks/2.30/share/em_armgcc/bin/../lib/gcc/arm-none-eabi/4.7.3/../../../../arm-none-eabi/lib/armv7e-m\libc_n.a(lib_a-memmove.o)
 .debug_frame   0x00002294       0x2c c:/program files (x86)/emblocks/2.30/share/em_armgcc/bin/../lib/gcc/arm-none-eabi/4.7.3/../../../../arm-none-eabi/lib/armv7e-m\libc_n.a(lib_a-nano-freer.o)
 .debug_frame   0x000022c0       0x30 c:/program files (x86)/emblocks/2.30/share/em_armgcc/bin/../lib/gcc/arm-none-eabi/4.7.3/../../../../arm-none-eabi/lib/armv7e-m\libc_n.a(lib_a-nano-mallocr.o)
 .debug_frame   0x000022f0       0x30 c:/program files (x86)/emblocks/2.30/share/em_armgcc/bin/../lib/gcc/arm-none-eabi/4.7.3/../../../../arm-none-eabi/lib/armv7e-m\libc_n.a(lib_a-nano-reallocr.o)
 .debug_frame   0x00002320       0x2c c:/program files (x86)/emblocks/2.30/share/em_armgcc/bin/../lib/gcc/arm-none-eabi/4.7.3/../../../../arm-none-eabi/lib/armv7e-m\libc_n.a(lib_a-sbrkr.o)
 .debug_frame   0x0000234c       0x20 c:/program files (x86)/emblocks/2.30/share/em_armgcc/bin/../lib/gcc/arm-none-eabi/4.7.3/../../../../arm-none-eabi/lib/armv7e-m\libc_n.a(lib_a-strlen.o)
 .debug_frame   0x0000236c       0x20 c:/program files (x86)/emblocks/2.30/share/em_armgcc/bin/../lib/gcc/arm-none-eabi/4.7.3/../../../../arm-none-eabi/lib/armv7e-m\libc_n.a(lib_a-nano-msizer.o)
 .debug_frame   0x0000238c       0x48 c:/program files (x86)/emblocks/2.30/share/em_armgcc/bin/../lib/gcc/arm-none-eabi/4.7.3/../../../../arm-none-eabi/lib/armv7e-m\libc_n.a(lib_a-reent.o)
 .debug_frame   0x000023d4       0x20 c:/program files (x86)/emblocks/2.30/share/em_armgcc/bin/../lib/gcc/arm-none-eabi/4.7.3/../../../../arm-none-eabi/lib/armv7e-m\libnosys.a(sbrk.o)
 .debug_frame   0x000023f4       0x20 c:/program files (x86)/emblocks/2.30/share/em_armgcc/bin/../lib/gcc/arm-none-eabi/4.7.3/../../../../arm-none-eabi/lib/armv7e-m\libnosys.a(_exit.o)
